<?xml version="1.0" encoding="ISO-8859-1" ?>
<link_info>
   <banner>TI ARM Linker PC v18.12.2.LTS</banner>
   <copyright>Copyright (c) 1996-2018 Texas Instruments Incorporated</copyright>
   <link_time>0x690f23b9</link_time>
   <link_errors>0x0</link_errors>
   <output_file>Tachometer.out</output_file>
   <entry_point>
      <name>_c_int00_noargs</name>
      <address>0x3f7d</address>
   </entry_point>
   <input_file_list>
      <input_file id="fl-2">
         <path>.\</path>
         <kind>object</kind>
         <file>main.obj</file>
         <name>main.obj</name>
      </input_file>
      <input_file id="fl-3">
         <path>.\</path>
         <kind>object</kind>
         <file>startup_ccs.obj</file>
         <name>startup_ccs.obj</name>
      </input_file>
      <input_file id="fl-4">
         <path>.\Sensor\</path>
         <kind>object</kind>
         <file>Sensor.obj</file>
         <name>Sensor.obj</name>
      </input_file>
      <input_file id="fl-5">
         <path>.\display\</path>
         <kind>object</kind>
         <file>display.obj</file>
         <name>display.obj</name>
      </input_file>
      <input_file id="fl-a">
         <kind>object</kind>
         <file>&lt;internal&gt;</file>
         <name>&lt;internal&gt;</name>
      </input_file>
      <input_file id="fl-b">
         <path>C:\ti\TivaWare_C_Series-2.2.0.295\driverlib\ccs\Debug\</path>
         <kind>archive</kind>
         <file>driverlib.lib</file>
         <name>adc.obj</name>
      </input_file>
      <input_file id="fl-c">
         <path>C:\ti\TivaWare_C_Series-2.2.0.295\driverlib\ccs\Debug\</path>
         <kind>archive</kind>
         <file>driverlib.lib</file>
         <name>gpio.obj</name>
      </input_file>
      <input_file id="fl-d">
         <path>C:\ti\TivaWare_C_Series-2.2.0.295\driverlib\ccs\Debug\</path>
         <kind>archive</kind>
         <file>driverlib.lib</file>
         <name>interrupt.obj</name>
      </input_file>
      <input_file id="fl-e">
         <path>C:\ti\TivaWare_C_Series-2.2.0.295\driverlib\ccs\Debug\</path>
         <kind>archive</kind>
         <file>driverlib.lib</file>
         <name>sysctl.obj</name>
      </input_file>
      <input_file id="fl-f">
         <path>C:\ti\TivaWare_C_Series-2.2.0.295\driverlib\ccs\Debug\</path>
         <kind>archive</kind>
         <file>driverlib.lib</file>
         <name>timer.obj</name>
      </input_file>
      <input_file id="fl-10">
         <path>C:\ti\TivaWare_C_Series-2.2.0.295\driverlib\ccs\Debug\</path>
         <kind>archive</kind>
         <file>driverlib.lib</file>
         <name>cpu.obj</name>
      </input_file>
      <input_file id="fl-c6">
         <path>C:\ti\ti-cgt-arm_18.12.2.LTS\lib\</path>
         <kind>archive</kind>
         <file>rtsv7M4_T_le_v4SPD16_eabi.lib</file>
         <name>e_atan2f.c.obj</name>
      </input_file>
      <input_file id="fl-c7">
         <path>C:\ti\ti-cgt-arm_18.12.2.LTS\lib\</path>
         <kind>archive</kind>
         <file>rtsv7M4_T_le_v4SPD16_eabi.lib</file>
         <name>e_sqrtf.c.obj</name>
      </input_file>
      <input_file id="fl-c8">
         <path>C:\ti\ti-cgt-arm_18.12.2.LTS\lib\</path>
         <kind>archive</kind>
         <file>rtsv7M4_T_le_v4SPD16_eabi.lib</file>
         <name>s_atanf.c.obj</name>
      </input_file>
      <input_file id="fl-c9">
         <path>C:\ti\ti-cgt-arm_18.12.2.LTS\lib\</path>
         <kind>archive</kind>
         <file>rtsv7M4_T_le_v4SPD16_eabi.lib</file>
         <name>printf.c.obj</name>
      </input_file>
      <input_file id="fl-ca">
         <path>C:\ti\ti-cgt-arm_18.12.2.LTS\lib\</path>
         <kind>archive</kind>
         <file>rtsv7M4_T_le_v4SPD16_eabi.lib</file>
         <name>_printfi.c.obj</name>
      </input_file>
      <input_file id="fl-cb">
         <path>C:\ti\ti-cgt-arm_18.12.2.LTS\lib\</path>
         <kind>archive</kind>
         <file>rtsv7M4_T_le_v4SPD16_eabi.lib</file>
         <name>fputc.c.obj</name>
      </input_file>
      <input_file id="fl-cc">
         <path>C:\ti\ti-cgt-arm_18.12.2.LTS\lib\</path>
         <kind>archive</kind>
         <file>rtsv7M4_T_le_v4SPD16_eabi.lib</file>
         <name>fputs.c.obj</name>
      </input_file>
      <input_file id="fl-cd">
         <path>C:\ti\ti-cgt-arm_18.12.2.LTS\lib\</path>
         <kind>archive</kind>
         <file>rtsv7M4_T_le_v4SPD16_eabi.lib</file>
         <name>_io_perm.c.obj</name>
      </input_file>
      <input_file id="fl-ce">
         <path>C:\ti\ti-cgt-arm_18.12.2.LTS\lib\</path>
         <kind>archive</kind>
         <file>rtsv7M4_T_le_v4SPD16_eabi.lib</file>
         <name>setvbuf.c.obj</name>
      </input_file>
      <input_file id="fl-cf">
         <path>C:\ti\ti-cgt-arm_18.12.2.LTS\lib\</path>
         <kind>archive</kind>
         <file>rtsv7M4_T_le_v4SPD16_eabi.lib</file>
         <name>s_frexp.c.obj</name>
      </input_file>
      <input_file id="fl-d0">
         <path>C:\ti\ti-cgt-arm_18.12.2.LTS\lib\</path>
         <kind>archive</kind>
         <file>rtsv7M4_T_le_v4SPD16_eabi.lib</file>
         <name>s_scalbn.c.obj</name>
      </input_file>
      <input_file id="fl-d1">
         <path>C:\ti\ti-cgt-arm_18.12.2.LTS\lib\</path>
         <kind>archive</kind>
         <file>rtsv7M4_T_le_v4SPD16_eabi.lib</file>
         <name>ull_div_t2.asm.obj</name>
      </input_file>
      <input_file id="fl-d2">
         <path>C:\ti\ti-cgt-arm_18.12.2.LTS\lib\</path>
         <kind>archive</kind>
         <file>rtsv7M4_T_le_v4SPD16_eabi.lib</file>
         <name>memset_t2.asm.obj</name>
      </input_file>
      <input_file id="fl-d3">
         <path>C:\ti\ti-cgt-arm_18.12.2.LTS\lib\</path>
         <kind>archive</kind>
         <file>rtsv7M4_T_le_v4SPD16_eabi.lib</file>
         <name>fd_add_t2.asm.obj</name>
      </input_file>
      <input_file id="fl-d4">
         <path>C:\ti\ti-cgt-arm_18.12.2.LTS\lib\</path>
         <kind>archive</kind>
         <file>rtsv7M4_T_le_v4SPD16_eabi.lib</file>
         <name>fd_cmp_t2.asm.obj</name>
      </input_file>
      <input_file id="fl-d5">
         <path>C:\ti\ti-cgt-arm_18.12.2.LTS\lib\</path>
         <kind>archive</kind>
         <file>rtsv7M4_T_le_v4SPD16_eabi.lib</file>
         <name>fd_div_t2.asm.obj</name>
      </input_file>
      <input_file id="fl-d6">
         <path>C:\ti\ti-cgt-arm_18.12.2.LTS\lib\</path>
         <kind>archive</kind>
         <file>rtsv7M4_T_le_v4SPD16_eabi.lib</file>
         <name>fd_mul_t2.asm.obj</name>
      </input_file>
      <input_file id="fl-d7">
         <path>C:\ti\ti-cgt-arm_18.12.2.LTS\lib\</path>
         <kind>archive</kind>
         <file>rtsv7M4_T_le_v4SPD16_eabi.lib</file>
         <name>fd_toi_t2.asm.obj</name>
      </input_file>
      <input_file id="fl-d8">
         <path>C:\ti\ti-cgt-arm_18.12.2.LTS\lib\</path>
         <kind>archive</kind>
         <file>rtsv7M4_T_le_v4SPD16_eabi.lib</file>
         <name>fd_tos_t2.asm.obj</name>
      </input_file>
      <input_file id="fl-d9">
         <path>C:\ti\ti-cgt-arm_18.12.2.LTS\lib\</path>
         <kind>archive</kind>
         <file>rtsv7M4_T_le_v4SPD16_eabi.lib</file>
         <name>fs_tod_t2.asm.obj</name>
      </input_file>
      <input_file id="fl-da">
         <path>C:\ti\ti-cgt-arm_18.12.2.LTS\lib\</path>
         <kind>archive</kind>
         <file>rtsv7M4_T_le_v4SPD16_eabi.lib</file>
         <name>i_tofd_t2.asm.obj</name>
      </input_file>
      <input_file id="fl-db">
         <path>C:\ti\ti-cgt-arm_18.12.2.LTS\lib\</path>
         <kind>archive</kind>
         <file>rtsv7M4_T_le_v4SPD16_eabi.lib</file>
         <name>memcpy_t2.asm.obj</name>
      </input_file>
      <input_file id="fl-dc">
         <path>C:\ti\ti-cgt-arm_18.12.2.LTS\lib\</path>
         <kind>archive</kind>
         <file>rtsv7M4_T_le_v4SPD16_eabi.lib</file>
         <name>copy_zero_init.c.obj</name>
      </input_file>
      <input_file id="fl-dd">
         <path>C:\ti\ti-cgt-arm_18.12.2.LTS\lib\</path>
         <kind>archive</kind>
         <file>rtsv7M4_T_le_v4SPD16_eabi.lib</file>
         <name>copy_decompress_none.c.obj</name>
      </input_file>
      <input_file id="fl-de">
         <path>C:\ti\ti-cgt-arm_18.12.2.LTS\lib\</path>
         <kind>archive</kind>
         <file>rtsv7M4_T_le_v4SPD16_eabi.lib</file>
         <name>copy_decompress_lzss.c.obj</name>
      </input_file>
      <input_file id="fl-df">
         <path>C:\ti\ti-cgt-arm_18.12.2.LTS\lib\</path>
         <kind>archive</kind>
         <file>rtsv7M4_T_le_v4SPD16_eabi.lib</file>
         <name>exit.c.obj</name>
      </input_file>
      <input_file id="fl-e0">
         <path>C:\ti\ti-cgt-arm_18.12.2.LTS\lib\</path>
         <kind>archive</kind>
         <file>rtsv7M4_T_le_v4SPD16_eabi.lib</file>
         <name>_lock.c.obj</name>
      </input_file>
      <input_file id="fl-e1">
         <path>C:\ti\ti-cgt-arm_18.12.2.LTS\lib\</path>
         <kind>archive</kind>
         <file>rtsv7M4_T_le_v4SPD16_eabi.lib</file>
         <name>atoi.c.obj</name>
      </input_file>
      <input_file id="fl-e2">
         <path>C:\ti\ti-cgt-arm_18.12.2.LTS\lib\</path>
         <kind>archive</kind>
         <file>rtsv7M4_T_le_v4SPD16_eabi.lib</file>
         <name>ctype.c.obj</name>
      </input_file>
      <input_file id="fl-e3">
         <path>C:\ti\ti-cgt-arm_18.12.2.LTS\lib\</path>
         <kind>archive</kind>
         <file>rtsv7M4_T_le_v4SPD16_eabi.lib</file>
         <name>defs.c.obj</name>
      </input_file>
      <input_file id="fl-e4">
         <path>C:\ti\ti-cgt-arm_18.12.2.LTS\lib\</path>
         <kind>archive</kind>
         <file>rtsv7M4_T_le_v4SPD16_eabi.lib</file>
         <name>ltoa.c.obj</name>
      </input_file>
      <input_file id="fl-e5">
         <path>C:\ti\ti-cgt-arm_18.12.2.LTS\lib\</path>
         <kind>archive</kind>
         <file>rtsv7M4_T_le_v4SPD16_eabi.lib</file>
         <name>memccpy.c.obj</name>
      </input_file>
      <input_file id="fl-e6">
         <path>C:\ti\ti-cgt-arm_18.12.2.LTS\lib\</path>
         <kind>archive</kind>
         <file>rtsv7M4_T_le_v4SPD16_eabi.lib</file>
         <name>memchr.c.obj</name>
      </input_file>
      <input_file id="fl-e7">
         <path>C:\ti\ti-cgt-arm_18.12.2.LTS\lib\</path>
         <kind>archive</kind>
         <file>rtsv7M4_T_le_v4SPD16_eabi.lib</file>
         <name>memory.c.obj</name>
      </input_file>
      <input_file id="fl-e8">
         <path>C:\ti\ti-cgt-arm_18.12.2.LTS\lib\</path>
         <kind>archive</kind>
         <file>rtsv7M4_T_le_v4SPD16_eabi.lib</file>
         <name>strchr.c.obj</name>
      </input_file>
      <input_file id="fl-e9">
         <path>C:\ti\ti-cgt-arm_18.12.2.LTS\lib\</path>
         <kind>archive</kind>
         <file>rtsv7M4_T_le_v4SPD16_eabi.lib</file>
         <name>strlen.c.obj</name>
      </input_file>
      <input_file id="fl-ea">
         <path>C:\ti\ti-cgt-arm_18.12.2.LTS\lib\</path>
         <kind>archive</kind>
         <file>rtsv7M4_T_le_v4SPD16_eabi.lib</file>
         <name>write.c.obj</name>
      </input_file>
      <input_file id="fl-eb">
         <path>C:\ti\ti-cgt-arm_18.12.2.LTS\lib\</path>
         <kind>archive</kind>
         <file>rtsv7M4_T_le_v4SPD16_eabi.lib</file>
         <name>host_device.c.obj</name>
      </input_file>
      <input_file id="fl-ec">
         <path>C:\ti\ti-cgt-arm_18.12.2.LTS\lib\</path>
         <kind>archive</kind>
         <file>rtsv7M4_T_le_v4SPD16_eabi.lib</file>
         <name>boot_cortex_m.c.obj</name>
      </input_file>
      <input_file id="fl-ed">
         <path>C:\ti\ti-cgt-arm_18.12.2.LTS\lib\</path>
         <kind>archive</kind>
         <file>rtsv7M4_T_le_v4SPD16_eabi.lib</file>
         <name>errno.c.obj</name>
      </input_file>
      <input_file id="fl-ee">
         <path>C:\ti\ti-cgt-arm_18.12.2.LTS\lib\</path>
         <kind>archive</kind>
         <file>rtsv7M4_T_le_v4SPD16_eabi.lib</file>
         <name>wcslen.c.obj</name>
      </input_file>
      <input_file id="fl-ef">
         <path>C:\ti\ti-cgt-arm_18.12.2.LTS\lib\</path>
         <kind>archive</kind>
         <file>rtsv7M4_T_le_v4SPD16_eabi.lib</file>
         <name>s_copysign.c.obj</name>
      </input_file>
      <input_file id="fl-f0">
         <path>C:\ti\ti-cgt-arm_18.12.2.LTS\lib\</path>
         <kind>archive</kind>
         <file>rtsv7M4_T_le_v4SPD16_eabi.lib</file>
         <name>fflush.c.obj</name>
      </input_file>
      <input_file id="fl-f1">
         <path>C:\ti\ti-cgt-arm_18.12.2.LTS\lib\</path>
         <kind>archive</kind>
         <file>rtsv7M4_T_le_v4SPD16_eabi.lib</file>
         <name>fopen.c.obj</name>
      </input_file>
      <input_file id="fl-f2">
         <path>C:\ti\ti-cgt-arm_18.12.2.LTS\lib\</path>
         <kind>archive</kind>
         <file>rtsv7M4_T_le_v4SPD16_eabi.lib</file>
         <name>fseek.c.obj</name>
      </input_file>
      <input_file id="fl-f3">
         <path>C:\ti\ti-cgt-arm_18.12.2.LTS\lib\</path>
         <kind>archive</kind>
         <file>rtsv7M4_T_le_v4SPD16_eabi.lib</file>
         <name>div0.asm.obj</name>
      </input_file>
      <input_file id="fl-f4">
         <path>C:\ti\ti-cgt-arm_18.12.2.LTS\lib\</path>
         <kind>archive</kind>
         <file>rtsv7M4_T_le_v4SPD16_eabi.lib</file>
         <name>autoinit.c.obj</name>
      </input_file>
      <input_file id="fl-f5">
         <path>C:\ti\ti-cgt-arm_18.12.2.LTS\lib\</path>
         <kind>archive</kind>
         <file>rtsv7M4_T_le_v4SPD16_eabi.lib</file>
         <name>pre_init.c.obj</name>
      </input_file>
      <input_file id="fl-f6">
         <path>C:\ti\ti-cgt-arm_18.12.2.LTS\lib\</path>
         <kind>archive</kind>
         <file>rtsv7M4_T_le_v4SPD16_eabi.lib</file>
         <name>cpy_tbl.c.obj</name>
      </input_file>
      <input_file id="fl-f7">
         <path>C:\ti\ti-cgt-arm_18.12.2.LTS\lib\</path>
         <kind>archive</kind>
         <file>rtsv7M4_T_le_v4SPD16_eabi.lib</file>
         <name>args_main.c.obj</name>
      </input_file>
      <input_file id="fl-f8">
         <path>C:\ti\ti-cgt-arm_18.12.2.LTS\lib\</path>
         <kind>archive</kind>
         <file>rtsv7M4_T_le_v4SPD16_eabi.lib</file>
         <name>hostclose.c.obj</name>
      </input_file>
      <input_file id="fl-f9">
         <path>C:\ti\ti-cgt-arm_18.12.2.LTS\lib\</path>
         <kind>archive</kind>
         <file>rtsv7M4_T_le_v4SPD16_eabi.lib</file>
         <name>hostlseek.c.obj</name>
      </input_file>
      <input_file id="fl-fa">
         <path>C:\ti\ti-cgt-arm_18.12.2.LTS\lib\</path>
         <kind>archive</kind>
         <file>rtsv7M4_T_le_v4SPD16_eabi.lib</file>
         <name>hostopen.c.obj</name>
      </input_file>
      <input_file id="fl-fb">
         <path>C:\ti\ti-cgt-arm_18.12.2.LTS\lib\</path>
         <kind>archive</kind>
         <file>rtsv7M4_T_le_v4SPD16_eabi.lib</file>
         <name>hostread.c.obj</name>
      </input_file>
      <input_file id="fl-fc">
         <path>C:\ti\ti-cgt-arm_18.12.2.LTS\lib\</path>
         <kind>archive</kind>
         <file>rtsv7M4_T_le_v4SPD16_eabi.lib</file>
         <name>hostrename.c.obj</name>
      </input_file>
      <input_file id="fl-fd">
         <path>C:\ti\ti-cgt-arm_18.12.2.LTS\lib\</path>
         <kind>archive</kind>
         <file>rtsv7M4_T_le_v4SPD16_eabi.lib</file>
         <name>hostunlink.c.obj</name>
      </input_file>
      <input_file id="fl-fe">
         <path>C:\ti\ti-cgt-arm_18.12.2.LTS\lib\</path>
         <kind>archive</kind>
         <file>rtsv7M4_T_le_v4SPD16_eabi.lib</file>
         <name>hostwrite.c.obj</name>
      </input_file>
      <input_file id="fl-ff">
         <path>C:\ti\ti-cgt-arm_18.12.2.LTS\lib\</path>
         <kind>archive</kind>
         <file>rtsv7M4_T_le_v4SPD16_eabi.lib</file>
         <name>trgmsg.c.obj</name>
      </input_file>
      <input_file id="fl-100">
         <path>C:\ti\ti-cgt-arm_18.12.2.LTS\lib\</path>
         <kind>archive</kind>
         <file>rtsv7M4_T_le_v4SPD16_eabi.lib</file>
         <name>open.c.obj</name>
      </input_file>
      <input_file id="fl-101">
         <path>C:\ti\ti-cgt-arm_18.12.2.LTS\lib\</path>
         <kind>archive</kind>
         <file>rtsv7M4_T_le_v4SPD16_eabi.lib</file>
         <name>lseek.c.obj</name>
      </input_file>
      <input_file id="fl-102">
         <path>C:\ti\ti-cgt-arm_18.12.2.LTS\lib\</path>
         <kind>archive</kind>
         <file>rtsv7M4_T_le_v4SPD16_eabi.lib</file>
         <name>fclose.c.obj</name>
      </input_file>
      <input_file id="fl-103">
         <path>C:\ti\ti-cgt-arm_18.12.2.LTS\lib\</path>
         <kind>archive</kind>
         <file>rtsv7M4_T_le_v4SPD16_eabi.lib</file>
         <name>getdevice.c.obj</name>
      </input_file>
      <input_file id="fl-104">
         <path>C:\ti\ti-cgt-arm_18.12.2.LTS\lib\</path>
         <kind>archive</kind>
         <file>rtsv7M4_T_le_v4SPD16_eabi.lib</file>
         <name>strcmp.c.obj</name>
      </input_file>
      <input_file id="fl-105">
         <path>C:\ti\ti-cgt-arm_18.12.2.LTS\lib\</path>
         <kind>archive</kind>
         <file>rtsv7M4_T_le_v4SPD16_eabi.lib</file>
         <name>strcpy.c.obj</name>
      </input_file>
      <input_file id="fl-106">
         <path>C:\ti\ti-cgt-arm_18.12.2.LTS\lib\</path>
         <kind>archive</kind>
         <file>rtsv7M4_T_le_v4SPD16_eabi.lib</file>
         <name>strncpy.c.obj</name>
      </input_file>
      <input_file id="fl-107">
         <path>C:\ti\ti-cgt-arm_18.12.2.LTS\lib\</path>
         <kind>archive</kind>
         <file>rtsv7M4_T_le_v4SPD16_eabi.lib</file>
         <name>remove.c.obj</name>
      </input_file>
      <input_file id="fl-108">
         <path>C:\ti\ti-cgt-arm_18.12.2.LTS\lib\</path>
         <kind>archive</kind>
         <file>rtsv7M4_T_le_v4SPD16_eabi.lib</file>
         <name>close.c.obj</name>
      </input_file>
      <input_file id="fl-109">
         <path>C:\ti\ti-cgt-arm_18.12.2.LTS\lib\</path>
         <kind>archive</kind>
         <file>rtsv7M4_T_le_v4SPD16_eabi.lib</file>
         <name>unlink.c.obj</name>
      </input_file>
   </input_file_list>
   <object_component_list>
      <object_component id="oc-10">
         <name>.intvecs</name>
         <load_address>0x0</load_address>
         <run_address>0x0</run_address>
         <size>0x200</size>
         <input_file_ref idref="fl-3"/>
      </object_component>
      <object_component id="oc-1b1">
         <name>.text:__TI_printfi</name>
         <load_address>0x200</load_address>
         <run_address>0x200</run_address>
         <size>0xa4e</size>
         <input_file_ref idref="fl-ca"/>
      </object_component>
      <object_component id="oc-34">
         <name>.text:FaultISR</name>
         <load_address>0xc4e</load_address>
         <run_address>0xc4e</run_address>
         <size>0x2</size>
         <input_file_ref idref="fl-3"/>
      </object_component>
      <object_component id="oc-3f4">
         <name>.text:Sensor_ReadSpeed</name>
         <load_address>0xc50</load_address>
         <run_address>0xc50</run_address>
         <size>0x418</size>
         <input_file_ref idref="fl-4"/>
      </object_component>
      <object_component id="oc-2af">
         <name>.text:_pconv_a</name>
         <load_address>0x1068</load_address>
         <run_address>0x1068</run_address>
         <size>0x270</size>
         <input_file_ref idref="fl-ca"/>
      </object_component>
      <object_component id="oc-ee">
         <name>.text:SysCtlClockFreqSet</name>
         <load_address>0x12d8</load_address>
         <run_address>0x12d8</run_address>
         <size>0x200</size>
         <input_file_ref idref="fl-e"/>
      </object_component>
      <object_component id="oc-29d">
         <name>.text:_pconv_g</name>
         <load_address>0x14d8</load_address>
         <run_address>0x14d8</run_address>
         <size>0x1d0</size>
         <input_file_ref idref="fl-ca"/>
      </object_component>
      <object_component id="oc-133">
         <name>.text:DisplaySpeedometer</name>
         <load_address>0x16a8</load_address>
         <run_address>0x16a8</run_address>
         <size>0x1bc</size>
         <input_file_ref idref="fl-2"/>
      </object_component>
      <object_component id="oc-36f">
         <name>.text</name>
         <load_address>0x1864</load_address>
         <run_address>0x1864</run_address>
         <size>0x1b6</size>
         <input_file_ref idref="fl-d3"/>
      </object_component>
      <object_component id="oc-3a">
         <name>.text:IntDefaultHandler</name>
         <load_address>0x1a1a</load_address>
         <run_address>0x1a1a</run_address>
         <size>0x2</size>
         <input_file_ref idref="fl-3"/>
      </object_component>
      <object_component id="oc-b5">
         <name>.text:main</name>
         <load_address>0x1a1c</load_address>
         <run_address>0x1a1c</run_address>
         <size>0x17c</size>
         <input_file_ref idref="fl-2"/>
      </object_component>
      <object_component id="oc-278">
         <name>.text:GPIOPadConfigSet</name>
         <load_address>0x1b98</load_address>
         <run_address>0x1b98</run_address>
         <size>0x16c</size>
         <input_file_ref idref="fl-c"/>
      </object_component>
      <object_component id="oc-fa">
         <name>.text:configure_display_controller_large</name>
         <load_address>0x1d04</load_address>
         <run_address>0x1d04</run_address>
         <size>0x160</size>
         <input_file_ref idref="fl-5"/>
      </object_component>
      <object_component id="oc-47c">
         <name>.text:atan2f</name>
         <load_address>0x1e64</load_address>
         <run_address>0x1e64</run_address>
         <size>0x158</size>
         <input_file_ref idref="fl-c6"/>
      </object_component>
      <object_component id="oc-4d7">
         <name>.text:atanf</name>
         <load_address>0x1fbc</load_address>
         <run_address>0x1fbc</run_address>
         <size>0x150</size>
         <input_file_ref idref="fl-c8"/>
      </object_component>
      <object_component id="oc-237">
         <name>.text:DrawDigit</name>
         <load_address>0x210c</load_address>
         <run_address>0x210c</run_address>
         <size>0x13c</size>
         <input_file_ref idref="fl-2"/>
      </object_component>
      <object_component id="oc-2a9">
         <name>.text:_pconv_e</name>
         <load_address>0x2248</load_address>
         <run_address>0x2248</run_address>
         <size>0x13c</size>
         <input_file_ref idref="fl-ca"/>
      </object_component>
      <object_component id="oc-355">
         <name>.text</name>
         <load_address>0x2384</load_address>
         <run_address>0x2384</run_address>
         <size>0x136</size>
         <input_file_ref idref="fl-d5"/>
      </object_component>
      <object_component id="oc-2e">
         <name>.text:NmiSR</name>
         <load_address>0x24ba</load_address>
         <run_address>0x24ba</run_address>
         <size>0x2</size>
         <input_file_ref idref="fl-3"/>
      </object_component>
      <object_component id="oc-381">
         <name>.text:fcvt</name>
         <load_address>0x24bc</load_address>
         <run_address>0x24bc</run_address>
         <size>0x124</size>
         <input_file_ref idref="fl-ca"/>
      </object_component>
      <object_component id="oc-2e1">
         <name>.text:fputs</name>
         <load_address>0x25e0</load_address>
         <run_address>0x25e0</run_address>
         <size>0x114</size>
         <input_file_ref idref="fl-cc"/>
      </object_component>
      <object_component id="oc-395">
         <name>.text:scalbn</name>
         <load_address>0x26f4</load_address>
         <run_address>0x26f4</run_address>
         <size>0x110</size>
         <input_file_ref idref="fl-d0"/>
      </object_component>
      <object_component id="oc-11b">
         <name>.text:Sensor_Init</name>
         <load_address>0x2804</load_address>
         <run_address>0x2804</run_address>
         <size>0x100</size>
         <input_file_ref idref="fl-4"/>
      </object_component>
      <object_component id="oc-350">
         <name>.text</name>
         <load_address>0x2904</load_address>
         <run_address>0x2904</run_address>
         <size>0xfc</size>
         <input_file_ref idref="fl-d6"/>
      </object_component>
      <object_component id="oc-4f1">
         <name>.text:aligned_alloc</name>
         <load_address>0x2a00</load_address>
         <run_address>0x2a00</run_address>
         <size>0xf4</size>
         <input_file_ref idref="fl-e7"/>
      </object_component>
      <object_component id="oc-4a1">
         <name>.text:free</name>
         <load_address>0x2af4</load_address>
         <run_address>0x2af4</run_address>
         <size>0xe8</size>
         <input_file_ref idref="fl-e7"/>
      </object_component>
      <object_component id="oc-44e">
         <name>.text:setvbuf</name>
         <load_address>0x2bdc</load_address>
         <run_address>0x2bdc</run_address>
         <size>0xdc</size>
         <input_file_ref idref="fl-ce"/>
      </object_component>
      <object_component id="oc-292">
         <name>.text:_ltostr</name>
         <load_address>0x2cb8</load_address>
         <run_address>0x2cb8</run_address>
         <size>0xb1</size>
         <input_file_ref idref="fl-ca"/>
      </object_component>
      <object_component id="oc-4e">
         <name>.text</name>
         <load_address>0x2d6a</load_address>
         <run_address>0x2d6a</run_address>
         <size>0x9c</size>
         <input_file_ref idref="fl-db"/>
      </object_component>
      <object_component id="oc-349">
         <name>.text</name>
         <load_address>0x2e06</load_address>
         <run_address>0x2e06</run_address>
         <size>0x96</size>
         <input_file_ref idref="fl-d1"/>
      </object_component>
      <object_component id="oc-2e8">
         <name>.text:fputc</name>
         <load_address>0x2e9c</load_address>
         <run_address>0x2e9c</run_address>
         <size>0x8c</size>
         <input_file_ref idref="fl-cb"/>
      </object_component>
      <object_component id="oc-298">
         <name>.text:__aeabi_cdcmple</name>
         <load_address>0x2f28</load_address>
         <run_address>0x2f28</run_address>
         <size>0x86</size>
         <input_file_ref idref="fl-d4"/>
      </object_component>
      <object_component id="oc-35a">
         <name>.text:__aeabi_cdrcmple</name>
         <load_address>0x2fae</load_address>
         <run_address>0x2fae</run_address>
         <size>0x86</size>
         <input_file_ref idref="fl-d4"/>
      </object_component>
      <object_component id="oc-541">
         <name>.text:split</name>
         <load_address>0x3034</load_address>
         <run_address>0x3034</run_address>
         <size>0x7c</size>
         <input_file_ref idref="fl-e7"/>
      </object_component>
      <object_component id="oc-1dc">
         <name>.text:ADCSequenceStepConfigure</name>
         <load_address>0x30b0</load_address>
         <run_address>0x30b0</run_address>
         <size>0x7a</size>
         <input_file_ref idref="fl-b"/>
      </object_component>
      <object_component id="oc-a9">
         <name>.text</name>
         <load_address>0x312a</load_address>
         <run_address>0x312a</run_address>
         <size>0x7a</size>
         <input_file_ref idref="fl-d2"/>
      </object_component>
      <object_component id="oc-4f8">
         <name>.text:__TI_closefile</name>
         <load_address>0x31a4</load_address>
         <run_address>0x31a4</run_address>
         <size>0x74</size>
         <input_file_ref idref="fl-102"/>
      </object_component>
      <object_component id="oc-37a">
         <name>.text:_mcpy</name>
         <load_address>0x3218</load_address>
         <run_address>0x3218</run_address>
         <size>0x6e</size>
         <input_file_ref idref="fl-ca"/>
      </object_component>
      <object_component id="oc-482">
         <name>.text</name>
         <load_address>0x3286</load_address>
         <run_address>0x3286</run_address>
         <size>0x6e</size>
         <input_file_ref idref="fl-d8"/>
      </object_component>
      <object_component id="oc-51c">
         <name>.text:HOSTlseek</name>
         <load_address>0x32f4</load_address>
         <run_address>0x32f4</run_address>
         <size>0x68</size>
         <input_file_ref idref="fl-f9"/>
      </object_component>
      <object_component id="oc-528">
         <name>.text:HOSTrename</name>
         <load_address>0x335c</load_address>
         <run_address>0x335c</run_address>
         <size>0x68</size>
         <input_file_ref idref="fl-fc"/>
      </object_component>
      <object_component id="oc-210">
         <name>.text:IntEnable</name>
         <load_address>0x33c4</load_address>
         <run_address>0x33c4</run_address>
         <size>0x68</size>
         <input_file_ref idref="fl-d"/>
      </object_component>
      <object_component id="oc-13">
         <name>.text:decompress:lzss:__TI_decompress_lzss</name>
         <load_address>0x342c</load_address>
         <run_address>0x342c</run_address>
         <size>0x68</size>
         <input_file_ref idref="fl-de"/>
      </object_component>
      <object_component id="oc-100">
         <name>.text:printf</name>
         <load_address>0x3494</load_address>
         <run_address>0x3494</run_address>
         <size>0x68</size>
         <input_file_ref idref="fl-c9"/>
      </object_component>
      <object_component id="oc-231">
         <name>.text:DrawRectangle</name>
         <load_address>0x34fc</load_address>
         <run_address>0x34fc</run_address>
         <size>0x66</size>
         <input_file_ref idref="fl-2"/>
      </object_component>
      <object_component id="oc-2d3">
         <name>.text:_nop</name>
         <load_address>0x3562</load_address>
         <run_address>0x3562</run_address>
         <size>0x2</size>
         <input_file_ref idref="fl-e0"/>
      </object_component>
      <object_component id="oc-38f">
         <name>.text:frexp</name>
         <load_address>0x3564</load_address>
         <run_address>0x3564</run_address>
         <size>0x64</size>
         <input_file_ref idref="fl-cf"/>
      </object_component>
      <object_component id="oc-448">
         <name>.text:fseek</name>
         <load_address>0x35c8</load_address>
         <run_address>0x35c8</run_address>
         <size>0x64</size>
         <input_file_ref idref="fl-f2"/>
      </object_component>
      <object_component id="oc-3c6">
         <name>.text:__TI_wrt_ok</name>
         <load_address>0x362c</load_address>
         <run_address>0x362c</run_address>
         <size>0x62</size>
         <input_file_ref idref="fl-cd"/>
      </object_component>
      <object_component id="oc-413">
         <name>.text</name>
         <load_address>0x368e</load_address>
         <run_address>0x368e</run_address>
         <size>0x2</size>
         <input_file_ref idref="fl-f3"/>
      </object_component>
      <object_component id="oc-127">
         <name>.text:DisplayTimer_Init</name>
         <load_address>0x3690</load_address>
         <run_address>0x3690</run_address>
         <size>0x60</size>
         <input_file_ref idref="fl-2"/>
      </object_component>
      <object_component id="oc-504">
         <name>.text:HOSTopen</name>
         <load_address>0x36f0</load_address>
         <run_address>0x36f0</run_address>
         <size>0x60</size>
         <input_file_ref idref="fl-fa"/>
      </object_component>
      <object_component id="oc-121">
         <name>.text:SensorTimer_Init</name>
         <load_address>0x3750</load_address>
         <run_address>0x3750</run_address>
         <size>0x60</size>
         <input_file_ref idref="fl-2"/>
      </object_component>
      <object_component id="oc-1f8">
         <name>.text:TimerConfigure</name>
         <load_address>0x37b0</load_address>
         <run_address>0x37b0</run_address>
         <size>0x60</size>
         <input_file_ref idref="fl-f"/>
      </object_component>
      <object_component id="oc-106">
         <name>.text:window_set</name>
         <load_address>0x3810</load_address>
         <run_address>0x3810</run_address>
         <size>0x5e</size>
         <input_file_ref idref="fl-5"/>
      </object_component>
      <object_component id="oc-548">
         <name>.text:close</name>
         <load_address>0x3870</load_address>
         <run_address>0x3870</run_address>
         <size>0x5c</size>
         <input_file_ref idref="fl-108"/>
      </object_component>
      <object_component id="oc-510">
         <name>.text:HOSTread</name>
         <load_address>0x38cc</load_address>
         <run_address>0x38cc</run_address>
         <size>0x58</size>
         <input_file_ref idref="fl-fb"/>
      </object_component>
      <object_component id="oc-516">
         <name>.text:HOSTwrite</name>
         <load_address>0x3924</load_address>
         <run_address>0x3924</run_address>
         <size>0x58</size>
         <input_file_ref idref="fl-fe"/>
      </object_component>
      <object_component id="oc-2a3">
         <name>.text:_pconv_f</name>
         <load_address>0x397c</load_address>
         <run_address>0x397c</run_address>
         <size>0x56</size>
         <input_file_ref idref="fl-ca"/>
      </object_component>
      <object_component id="oc-364">
         <name>.text:ltoa</name>
         <load_address>0x39d2</load_address>
         <run_address>0x39d2</run_address>
         <size>0x54</size>
         <input_file_ref idref="fl-e4"/>
      </object_component>
      <object_component id="oc-374">
         <name>.text:_ecpy</name>
         <load_address>0x3a26</load_address>
         <run_address>0x3a26</run_address>
         <size>0x52</size>
         <input_file_ref idref="fl-ca"/>
      </object_component>
      <object_component id="oc-1d6">
         <name>.text:ADCSequenceConfigure</name>
         <load_address>0x3a78</load_address>
         <run_address>0x3a78</run_address>
         <size>0x4e</size>
         <input_file_ref idref="fl-b"/>
      </object_component>
      <object_component id="oc-3d2">
         <name>.text:__TI_doflush</name>
         <load_address>0x3ac6</load_address>
         <run_address>0x3ac6</run_address>
         <size>0x4c</size>
         <input_file_ref idref="fl-f0"/>
      </object_component>
      <object_component id="oc-28c">
         <name>.text:atoi</name>
         <load_address>0x3b14</load_address>
         <run_address>0x3b14</run_address>
         <size>0x4c</size>
         <input_file_ref idref="fl-e1"/>
      </object_component>
      <object_component id="oc-18b">
         <name>.text:_SysCtlFrequencyGet</name>
         <load_address>0x3b60</load_address>
         <run_address>0x3b60</run_address>
         <size>0x48</size>
         <input_file_ref idref="fl-e"/>
      </object_component>
      <object_component id="oc-14b">
         <name>.text:exit</name>
         <load_address>0x3ba8</load_address>
         <run_address>0x3ba8</run_address>
         <size>0x48</size>
         <input_file_ref idref="fl-df"/>
      </object_component>
      <object_component id="oc-35f">
         <name>.text</name>
         <load_address>0x3bf0</load_address>
         <run_address>0x3bf0</run_address>
         <size>0x48</size>
         <input_file_ref idref="fl-d7"/>
      </object_component>
      <object_component id="oc-50a">
         <name>.text:HOSTclose</name>
         <load_address>0x3c38</load_address>
         <run_address>0x3c38</run_address>
         <size>0x44</size>
         <input_file_ref idref="fl-f8"/>
      </object_component>
      <object_component id="oc-522">
         <name>.text:HOSTunlink</name>
         <load_address>0x3c7c</load_address>
         <run_address>0x3c7c</run_address>
         <size>0x44</size>
         <input_file_ref idref="fl-fd"/>
      </object_component>
      <object_component id="oc-151">
         <name>.text:__TI_auto_init_nobinit_nopinit:__TI_auto_init_nobinit_nopinit</name>
         <load_address>0x3cc0</load_address>
         <run_address>0x3cc0</run_address>
         <size>0x44</size>
         <input_file_ref idref="fl-f4"/>
      </object_component>
      <object_component id="oc-584">
         <name>.text:getdevice</name>
         <load_address>0x3d04</load_address>
         <run_address>0x3d04</run_address>
         <size>0x44</size>
         <input_file_ref idref="fl-103"/>
      </object_component>
      <object_component id="oc-f4">
         <name>.text:init_ports_display</name>
         <load_address>0x3d48</load_address>
         <run_address>0x3d48</run_address>
         <size>0x44</size>
         <input_file_ref idref="fl-5"/>
      </object_component>
      <object_component id="oc-387">
         <name>.text:_fcpy</name>
         <load_address>0x3d8c</load_address>
         <run_address>0x3d8c</run_address>
         <size>0x3e</size>
         <input_file_ref idref="fl-ca"/>
      </object_component>
      <object_component id="oc-1a2">
         <name>.text:SysCtlPeripheralReady</name>
         <load_address>0x3dcc</load_address>
         <run_address>0x3dcc</run_address>
         <size>0x38</size>
         <input_file_ref idref="fl-e"/>
      </object_component>
      <object_component id="oc-559">
         <name>.text:__TI_writemsg</name>
         <load_address>0x3e04</load_address>
         <run_address>0x3e04</run_address>
         <size>0x38</size>
         <input_file_ref idref="fl-ff"/>
      </object_component>
      <object_component id="oc-139">
         <name>.text</name>
         <load_address>0x3e3c</load_address>
         <run_address>0x3e3c</run_address>
         <size>0x38</size>
         <input_file_ref idref="fl-d9"/>
      </object_component>
      <object_component id="oc-5a8">
         <name>.text:strncpy</name>
         <load_address>0x3e74</load_address>
         <run_address>0x3e74</run_address>
         <size>0x36</size>
         <input_file_ref idref="fl-106"/>
      </object_component>
      <object_component id="oc-204">
         <name>.text:IntRegister</name>
         <load_address>0x3eac</load_address>
         <run_address>0x3eac</run_address>
         <size>0x34</size>
         <input_file_ref idref="fl-d"/>
      </object_component>
      <object_component id="oc-19c">
         <name>.text:SysCtlPeripheralEnable</name>
         <load_address>0x3ee0</load_address>
         <run_address>0x3ee0</run_address>
         <size>0x34</size>
         <input_file_ref idref="fl-e"/>
      </object_component>
      <object_component id="oc-4ad">
         <name>.text:__TI_cleanup</name>
         <load_address>0x3f14</load_address>
         <run_address>0x3f14</run_address>
         <size>0x34</size>
         <input_file_ref idref="fl-f1"/>
      </object_component>
      <object_component id="oc-55f">
         <name>.text:__TI_readmsg</name>
         <load_address>0x3f48</load_address>
         <run_address>0x3f48</run_address>
         <size>0x34</size>
         <input_file_ref idref="fl-ff"/>
      </object_component>
      <object_component id="oc-6c">
         <name>.text:_c_int00_noargs:_c_int00_noargs</name>
         <load_address>0x3f7c</load_address>
         <run_address>0x3f7c</run_address>
         <size>0x34</size>
         <input_file_ref idref="fl-ec"/>
      </object_component>
      <object_component id="oc-5ae">
         <name>.text:finddevice</name>
         <load_address>0x3fb0</load_address>
         <run_address>0x3fb0</run_address>
         <size>0x30</size>
         <input_file_ref idref="fl-103"/>
      </object_component>
      <object_component id="oc-46a">
         <name>.text:ADCIntStatus</name>
         <load_address>0x3fe0</load_address>
         <run_address>0x3fe0</run_address>
         <size>0x2e</size>
         <input_file_ref idref="fl-b"/>
      </object_component>
      <object_component id="oc-36a">
         <name>.text</name>
         <load_address>0x400e</load_address>
         <run_address>0x400e</run_address>
         <size>0x2e</size>
         <input_file_ref idref="fl-da"/>
      </object_component>
      <object_component id="oc-27e">
         <name>.text:GPIODirModeSet</name>
         <load_address>0x403c</load_address>
         <run_address>0x403c</run_address>
         <size>0x2c</size>
         <input_file_ref idref="fl-c"/>
      </object_component>
      <object_component id="oc-311">
         <name>.text:Timer0A_Handler</name>
         <load_address>0x4068</load_address>
         <run_address>0x4068</run_address>
         <size>0x2c</size>
         <input_file_ref idref="fl-2"/>
      </object_component>
      <object_component id="oc-54e">
         <name>.text:unlink</name>
         <load_address>0x4094</load_address>
         <run_address>0x4094</run_address>
         <size>0x2c</size>
         <input_file_ref idref="fl-109"/>
      </object_component>
      <object_component id="oc-4ea">
         <name>.text:free_list_insert</name>
         <load_address>0x40c0</load_address>
         <run_address>0x40c0</run_address>
         <size>0x28</size>
         <input_file_ref idref="fl-e7"/>
      </object_component>
      <object_component id="oc-499">
         <name>.text:lseek</name>
         <load_address>0x40e8</load_address>
         <run_address>0x40e8</run_address>
         <size>0x28</size>
         <input_file_ref idref="fl-101"/>
      </object_component>
      <object_component id="oc-476">
         <name>.text:sqrtf</name>
         <load_address>0x4110</load_address>
         <run_address>0x4110</run_address>
         <size>0x28</size>
         <input_file_ref idref="fl-c7"/>
      </object_component>
      <object_component id="oc-3d8">
         <name>.text:write</name>
         <load_address>0x4138</load_address>
         <run_address>0x4138</run_address>
         <size>0x28</size>
         <input_file_ref idref="fl-ea"/>
      </object_component>
      <object_component id="oc-10d">
         <name>.text:write_command</name>
         <load_address>0x4160</load_address>
         <run_address>0x4160</run_address>
         <size>0x28</size>
         <input_file_ref idref="fl-5"/>
      </object_component>
      <object_component id="oc-114">
         <name>.text:write_data</name>
         <load_address>0x4188</load_address>
         <run_address>0x4188</run_address>
         <size>0x28</size>
         <input_file_ref idref="fl-5"/>
      </object_component>
      <object_component id="oc-185">
         <name>.text:_SysCtlMemTimingGet</name>
         <load_address>0x41b0</load_address>
         <run_address>0x41b0</run_address>
         <size>0x20</size>
         <input_file_ref idref="fl-e"/>
      </object_component>
      <object_component id="oc-3cc">
         <name>.text:memchr</name>
         <load_address>0x41d0</load_address>
         <run_address>0x41d0</run_address>
         <size>0x20</size>
         <input_file_ref idref="fl-e6"/>
      </object_component>
      <object_component id="oc-470">
         <name>.text:ADCSequenceDataGet</name>
         <load_address>0x41f0</load_address>
         <run_address>0x41f0</run_address>
         <size>0x1e</size>
         <input_file_ref idref="fl-b"/>
      </object_component>
      <object_component id="oc-318">
         <name>.text:Timer1A_Handler</name>
         <load_address>0x4210</load_address>
         <run_address>0x4210</run_address>
         <size>0x1c</size>
         <input_file_ref idref="fl-2"/>
      </object_component>
      <object_component id="oc-4e4">
         <name>.text:free_list_remove</name>
         <load_address>0x422c</load_address>
         <run_address>0x422c</run_address>
         <size>0x1c</size>
         <input_file_ref idref="fl-e7"/>
      </object_component>
      <object_component id="oc-2b5">
         <name>.text:memccpy</name>
         <load_address>0x4248</load_address>
         <run_address>0x4248</run_address>
         <size>0x1c</size>
         <input_file_ref idref="fl-e5"/>
      </object_component>
      <object_component id="oc-1a8">
         <name>.text:GPIOPinTypeGPIOOutput</name>
         <load_address>0x4264</load_address>
         <run_address>0x4264</run_address>
         <size>0x1a</size>
         <input_file_ref idref="fl-c"/>
      </object_component>
      <object_component id="oc-42c">
         <name>.text:copysign</name>
         <load_address>0x427e</load_address>
         <run_address>0x427e</run_address>
         <size>0x1a</size>
         <input_file_ref idref="fl-ef"/>
      </object_component>
      <object_component id="oc-464">
         <name>.text:ADCProcessorTrigger</name>
         <load_address>0x4298</load_address>
         <run_address>0x4298</run_address>
         <size>0x18</size>
         <input_file_ref idref="fl-b"/>
      </object_component>
      <object_component id="oc-5c5">
         <name>.text:strcmp</name>
         <load_address>0x42b0</load_address>
         <run_address>0x42b0</run_address>
         <size>0x18</size>
         <input_file_ref idref="fl-104"/>
      </object_component>
      <object_component id="oc-1d0">
         <name>.text:GPIOPinTypeADC</name>
         <load_address>0x42c8</load_address>
         <run_address>0x42c8</run_address>
         <size>0x16</size>
         <input_file_ref idref="fl-c"/>
      </object_component>
      <object_component id="oc-39b">
         <name>.text:strchr</name>
         <load_address>0x42de</load_address>
         <run_address>0x42de</run_address>
         <size>0x16</size>
         <input_file_ref idref="fl-e8"/>
      </object_component>
      <object_component id="oc-573">
         <name>.text:strcpy</name>
         <load_address>0x42f4</load_address>
         <run_address>0x42f4</run_address>
         <size>0x14</size>
         <input_file_ref idref="fl-105"/>
      </object_component>
      <object_component id="oc-286">
         <name>.text:strlen</name>
         <load_address>0x4308</load_address>
         <run_address>0x4308</run_address>
         <size>0x14</size>
         <input_file_ref idref="fl-e9"/>
      </object_component>
      <object_component id="oc-1fe">
         <name>.text:TimerLoadSet</name>
         <load_address>0x431c</load_address>
         <run_address>0x431c</run_address>
         <size>0x12</size>
         <input_file_ref idref="fl-f"/>
      </object_component>
      <object_component id="oc-2bb">
         <name>.text:wcslen</name>
         <load_address>0x432e</load_address>
         <run_address>0x432e</run_address>
         <size>0x12</size>
         <input_file_ref idref="fl-ee"/>
      </object_component>
      <object_component id="oc-12d">
         <name>.text:IntMasterEnable</name>
         <load_address>0x4340</load_address>
         <run_address>0x4340</run_address>
         <size>0x10</size>
         <input_file_ref idref="fl-d"/>
      </object_component>
      <object_component id="oc-1e2">
         <name>.text:ADCSequenceEnable</name>
         <load_address>0x4350</load_address>
         <run_address>0x4350</run_address>
         <size>0xe</size>
         <input_file_ref idref="fl-b"/>
      </object_component>
      <object_component id="oc-216">
         <name>.text:TimerEnable</name>
         <load_address>0x435e</load_address>
         <run_address>0x435e</run_address>
         <size>0xe</size>
         <input_file_ref idref="fl-f"/>
      </object_component>
      <object_component id="oc-19">
         <name>.text:decompress:none:__TI_decompress_none</name>
         <load_address>0x436c</load_address>
         <run_address>0x436c</run_address>
         <size>0xe</size>
         <input_file_ref idref="fl-dd"/>
      </object_component>
      <object_component id="oc-22a">
         <name>.text:CPUcpsie</name>
         <load_address>0x437a</load_address>
         <run_address>0x437a</run_address>
         <size>0xc</size>
         <input_file_ref idref="fl-10"/>
      </object_component>
      <object_component id="oc-3f6">
         <name>.text:Sensor_GetDistance</name>
         <load_address>0x4388</load_address>
         <run_address>0x4388</run_address>
         <size>0xc</size>
         <input_file_ref idref="fl-4"/>
      </object_component>
      <object_component id="oc-60">
         <name>.text:decompress:ZI:__TI_zero_init</name>
         <load_address>0x4394</load_address>
         <run_address>0x4394</run_address>
         <size>0xc</size>
         <input_file_ref idref="fl-dc"/>
      </object_component>
      <object_component id="oc-1e8">
         <name>.text:ADCIntClear</name>
         <load_address>0x43a0</load_address>
         <run_address>0x43a0</run_address>
         <size>0xa</size>
         <input_file_ref idref="fl-b"/>
      </object_component>
      <object_component id="oc-21c">
         <name>.text:Timer0IntHandler</name>
         <load_address>0x43aa</load_address>
         <run_address>0x43aa</run_address>
         <size>0x8</size>
         <input_file_ref idref="fl-2"/>
      </object_component>
      <object_component id="oc-223">
         <name>.text:Timer1IntHandler</name>
         <load_address>0x43b2</load_address>
         <run_address>0x43b2</run_address>
         <size>0x8</size>
         <input_file_ref idref="fl-2"/>
      </object_component>
      <object_component id="oc-20a">
         <name>.text:TimerIntEnable</name>
         <load_address>0x43ba</load_address>
         <run_address>0x43ba</run_address>
         <size>0x8</size>
         <input_file_ref idref="fl-f"/>
      </object_component>
      <object_component id="oc-2c1">
         <name>.text:__aeabi_errno_addr</name>
         <load_address>0x43c4</load_address>
         <run_address>0x43c4</run_address>
         <size>0x8</size>
         <input_file_ref idref="fl-ed"/>
      </object_component>
      <object_component id="oc-4a7">
         <name>.text:malloc</name>
         <load_address>0x43cc</load_address>
         <run_address>0x43cc</run_address>
         <size>0x8</size>
         <input_file_ref idref="fl-e7"/>
      </object_component>
      <object_component id="oc-28">
         <name>.text:ResetISR</name>
         <load_address>0x43d4</load_address>
         <run_address>0x43d4</run_address>
         <size>0x6</size>
         <input_file_ref idref="fl-3"/>
      </object_component>
      <object_component id="oc-1af">
         <name>.text:SysCtlDelay</name>
         <load_address>0x43da</load_address>
         <run_address>0x43da</run_address>
         <size>0x6</size>
         <input_file_ref idref="fl-e"/>
      </object_component>
      <object_component id="oc-3ee">
         <name>.text:TimerIntClear</name>
         <load_address>0x43e0</load_address>
         <run_address>0x43e0</run_address>
         <size>0x4</size>
         <input_file_ref idref="fl-f"/>
      </object_component>
      <object_component id="oc-1c3">
         <name>.text:_outc</name>
         <load_address>0x43e4</load_address>
         <run_address>0x43e4</run_address>
         <size>0x4</size>
         <input_file_ref idref="fl-c9"/>
      </object_component>
      <object_component id="oc-1bd">
         <name>.text:_outs</name>
         <load_address>0x43e8</load_address>
         <run_address>0x43e8</run_address>
         <size>0x4</size>
         <input_file_ref idref="fl-c9"/>
      </object_component>
      <object_component id="oc-af">
         <name>.text:_system_pre_init</name>
         <load_address>0x43ec</load_address>
         <run_address>0x43ec</run_address>
         <size>0x4</size>
         <input_file_ref idref="fl-f5"/>
      </object_component>
      <object_component id="oc-145">
         <name>.text:abort:abort</name>
         <load_address>0x43f0</load_address>
         <run_address>0x43f0</run_address>
         <size>0x4</size>
         <input_file_ref idref="fl-df"/>
      </object_component>
      <object_component id="oc-194">
         <name>.const:g_pppui32XTALtoVCO</name>
         <load_address>0x43f4</load_address>
         <run_address>0x43f4</run_address>
         <size>0x1b0</size>
         <input_file_ref idref="fl-e"/>
      </object_component>
      <object_component id="oc-344">
         <name>.const:.string:_ctypes_</name>
         <load_address>0x45a4</load_address>
         <run_address>0x45a4</run_address>
         <size>0x101</size>
         <input_file_ref idref="fl-e2"/>
      </object_component>
      <object_component id="oc-191">
         <name>.const:g_pui32Xtals</name>
         <load_address>0x46a8</load_address>
         <run_address>0x46a8</run_address>
         <size>0x6c</size>
         <input_file_ref idref="fl-e"/>
      </object_component>
      <object_component id="oc-534">
         <name>.const:$O1$$</name>
         <load_address>0x4714</load_address>
         <run_address>0x4714</run_address>
         <size>0x34</size>
         <input_file_ref idref="fl-c8"/>
      </object_component>
      <object_component id="oc-260">
         <name>.const:g_sXTALtoMEMTIM</name>
         <load_address>0x4748</load_address>
         <run_address>0x4748</run_address>
         <size>0x30</size>
         <input_file_ref idref="fl-e"/>
      </object_component>
      <object_component id="oc-30c">
         <name>.const:g_pui32EnRegs</name>
         <load_address>0x4778</load_address>
         <run_address>0x4778</run_address>
         <size>0x14</size>
         <input_file_ref idref="fl-d"/>
      </object_component>
      <object_component id="oc-321">
         <name>.const:.string:$P$T0$1</name>
         <load_address>0x478c</load_address>
         <run_address>0x478c</run_address>
         <size>0xa</size>
         <input_file_ref idref="fl-2"/>
      </object_component>
      <object_component id="oc-197">
         <name>.const:g_pui32VCOFrequencies</name>
         <load_address>0x4798</load_address>
         <run_address>0x4798</run_address>
         <size>0x8</size>
         <input_file_ref idref="fl-e"/>
      </object_component>
      <object_component id="oc-602">
         <name>.cinit..data.load</name>
         <load_address>0x47a0</load_address>
         <run_address>0x47a0</run_address>
         <size>0x77</size>
      </object_component>
      <object_component id="oc-5ff">
         <name>__TI_handler_table</name>
         <load_address>0x4818</load_address>
         <run_address>0x4818</run_address>
         <size>0xc</size>
      </object_component>
      <object_component id="oc-603">
         <name>.cinit..bss.load</name>
         <load_address>0x4828</load_address>
         <run_address>0x4828</run_address>
         <size>0x8</size>
      </object_component>
      <object_component id="oc-601">
         <name>.cinit..vtable.load</name>
         <load_address>0x4830</load_address>
         <run_address>0x4830</run_address>
         <size>0x8</size>
      </object_component>
      <object_component id="oc-600">
         <name>__TI_cinit_table</name>
         <load_address>0x4838</load_address>
         <run_address>0x4838</run_address>
         <size>0x18</size>
      </object_component>
      <object_component id="oc-306">
         <name>.vtable</name>
         <uninitialized>true</uninitialized>
         <run_address>0x20000000</run_address>
         <size>0x26c</size>
         <input_file_ref idref="fl-d"/>
      </object_component>
      <object_component id="oc-141">
         <name>.data</name>
         <load_address>0x20004870</load_address>
         <run_address>0x20004870</run_address>
         <size>0x9</size>
         <input_file_ref idref="fl-2"/>
      </object_component>
      <object_component id="oc-1ee">
         <name>.data</name>
         <load_address>0x20004828</load_address>
         <run_address>0x20004828</run_address>
         <size>0x18</size>
         <input_file_ref idref="fl-4"/>
      </object_component>
      <object_component id="oc-1f4">
         <name>.data:speed_buffer</name>
         <load_address>0x20004840</load_address>
         <run_address>0x20004840</run_address>
         <size>0x14</size>
         <input_file_ref idref="fl-4"/>
      </object_component>
      <object_component id="oc-244">
         <name>.data:$O1$$</name>
         <load_address>0x20004864</load_address>
         <run_address>0x20004864</run_address>
         <size>0xc</size>
         <input_file_ref idref="fl-df"/>
      </object_component>
      <object_component id="oc-1b7">
         <name>.data:$O1$$</name>
         <load_address>0x2000487c</load_address>
         <run_address>0x2000487c</run_address>
         <size>0x8</size>
         <input_file_ref idref="fl-e0"/>
      </object_component>
      <object_component id="oc-1ba">
         <name>.data:_ftable</name>
         <load_address>0x20004670</load_address>
         <run_address>0x20004670</run_address>
         <size>0xf0</size>
         <input_file_ref idref="fl-e3"/>
      </object_component>
      <object_component id="oc-4fe">
         <name>.data</name>
         <load_address>0x20004854</load_address>
         <run_address>0x20004854</run_address>
         <size>0x10</size>
         <input_file_ref idref="fl-e3"/>
      </object_component>
      <object_component id="oc-53c">
         <name>.data:$O1$$</name>
         <load_address>0x20004884</load_address>
         <run_address>0x20004884</run_address>
         <size>0x8</size>
         <input_file_ref idref="fl-e7"/>
      </object_component>
      <object_component id="oc-4c0">
         <name>.data:_device</name>
         <load_address>0x20004760</load_address>
         <run_address>0x20004760</run_address>
         <size>0x78</size>
         <input_file_ref idref="fl-eb"/>
      </object_component>
      <object_component id="oc-45a">
         <name>.data:_stream</name>
         <load_address>0x200047d8</load_address>
         <run_address>0x200047d8</run_address>
         <size>0x50</size>
         <input_file_ref idref="fl-eb"/>
      </object_component>
      <object_component id="oc-3ab">
         <name>.data</name>
         <load_address>0x2000488c</load_address>
         <run_address>0x2000488c</run_address>
         <size>0x4</size>
         <input_file_ref idref="fl-ed"/>
      </object_component>
      <object_component id="oc-58e">
         <name>.bss:_CIOBUF_</name>
         <uninitialized>true</uninitialized>
         <run_address>0x20004890</run_address>
         <size>0x120</size>
         <input_file_ref idref="fl-ff"/>
      </object_component>
      <object_component id="oc-13e">
         <name>.common:sysClock</name>
         <uninitialized>true</uninitialized>
         <run_address>0x20004a58</run_address>
         <size>0x4</size>
      </object_component>
      <object_component id="oc-554">
         <name>.common:__TI_tmpnams</name>
         <uninitialized>true</uninitialized>
         <run_address>0x200049b0</run_address>
         <size>0xa0</size>
      </object_component>
      <object_component id="oc-565">
         <name>.common:parmbuf</name>
         <uninitialized>true</uninitialized>
         <run_address>0x20004a50</run_address>
         <size>0x8</size>
      </object_component>
      <object_component id="oc-22">
         <name>.sysmem</name>
         <uninitialized>true</uninitialized>
         <run_address>0x20004270</run_address>
         <size>0x10</size>
         <input_file_ref idref="fl-e7"/>
      </object_component>
      <object_component id="oc-605">
         <name>.sysmem</name>
         <uninitialized>true</uninitialized>
         <run_address>0x20004270</run_address>
         <size>0x0</size>
      </object_component>
      <object_component id="oc-25">
         <name>.stack</name>
         <uninitialized>true</uninitialized>
         <run_address>0x20000270</run_address>
         <size>0x4</size>
         <input_file_ref idref="fl-ec"/>
      </object_component>
      <object_component id="oc-604">
         <name>.stack</name>
         <uninitialized>true</uninitialized>
         <run_address>0x20000270</run_address>
         <size>0x0</size>
      </object_component>
      <object_component id="oc-dd">
         <name>.debug_info</name>
         <load_address>0x0</load_address>
         <run_address>0x0</run_address>
         <size>0x687</size>
         <input_file_ref idref="fl-2"/>
      </object_component>
      <object_component id="oc-142">
         <name>.debug_info</name>
         <load_address>0x687</load_address>
         <run_address>0x687</run_address>
         <size>0x13d</size>
         <input_file_ref idref="fl-2"/>
      </object_component>
      <object_component id="oc-322">
         <name>.debug_info</name>
         <load_address>0x7c4</load_address>
         <run_address>0x7c4</run_address>
         <size>0xd0</size>
         <input_file_ref idref="fl-2"/>
      </object_component>
      <object_component id="oc-312">
         <name>.debug_info</name>
         <load_address>0x894</load_address>
         <run_address>0x894</run_address>
         <size>0x14f</size>
         <input_file_ref idref="fl-2"/>
      </object_component>
      <object_component id="oc-319">
         <name>.debug_info</name>
         <load_address>0x9e3</load_address>
         <run_address>0x9e3</run_address>
         <size>0x11f</size>
         <input_file_ref idref="fl-2"/>
      </object_component>
      <object_component id="oc-21d">
         <name>.debug_info</name>
         <load_address>0xb02</load_address>
         <run_address>0xb02</run_address>
         <size>0x123</size>
         <input_file_ref idref="fl-2"/>
      </object_component>
      <object_component id="oc-224">
         <name>.debug_info</name>
         <load_address>0xc25</load_address>
         <run_address>0xc25</run_address>
         <size>0x123</size>
         <input_file_ref idref="fl-2"/>
      </object_component>
      <object_component id="oc-122">
         <name>.debug_info</name>
         <load_address>0xd48</load_address>
         <run_address>0xd48</run_address>
         <size>0x206</size>
         <input_file_ref idref="fl-2"/>
      </object_component>
      <object_component id="oc-128">
         <name>.debug_info</name>
         <load_address>0xf4e</load_address>
         <run_address>0xf4e</run_address>
         <size>0x208</size>
         <input_file_ref idref="fl-2"/>
      </object_component>
      <object_component id="oc-232">
         <name>.debug_info</name>
         <load_address>0x1156</load_address>
         <run_address>0x1156</run_address>
         <size>0x1ff</size>
         <input_file_ref idref="fl-2"/>
      </object_component>
      <object_component id="oc-238">
         <name>.debug_info</name>
         <load_address>0x1355</load_address>
         <run_address>0x1355</run_address>
         <size>0x277</size>
         <input_file_ref idref="fl-2"/>
      </object_component>
      <object_component id="oc-134">
         <name>.debug_info</name>
         <load_address>0x15cc</load_address>
         <run_address>0x15cc</run_address>
         <size>0x37d</size>
         <input_file_ref idref="fl-2"/>
      </object_component>
      <object_component id="oc-b6">
         <name>.debug_info</name>
         <load_address>0x1949</load_address>
         <run_address>0x1949</run_address>
         <size>0x29a</size>
         <input_file_ref idref="fl-2"/>
      </object_component>
      <object_component id="oc-8a">
         <name>.debug_info</name>
         <load_address>0x1be3</load_address>
         <run_address>0x1be3</run_address>
         <size>0x26b</size>
         <input_file_ref idref="fl-2"/>
      </object_component>
      <object_component id="oc-d8">
         <name>.debug_info</name>
         <load_address>0x1e4e</load_address>
         <run_address>0x1e4e</run_address>
         <size>0x8b</size>
         <input_file_ref idref="fl-2"/>
      </object_component>
      <object_component id="oc-d3">
         <name>.debug_info</name>
         <load_address>0x1ed9</load_address>
         <run_address>0x1ed9</run_address>
         <size>0x297</size>
         <input_file_ref idref="fl-2"/>
      </object_component>
      <object_component id="oc-265">
         <name>.debug_info</name>
         <load_address>0x2170</load_address>
         <run_address>0x2170</run_address>
         <size>0xef</size>
         <input_file_ref idref="fl-2"/>
      </object_component>
      <object_component id="oc-8f">
         <name>.debug_info</name>
         <load_address>0x225f</load_address>
         <run_address>0x225f</run_address>
         <size>0xbb</size>
         <input_file_ref idref="fl-2"/>
      </object_component>
      <object_component id="oc-1cb">
         <name>.debug_info</name>
         <load_address>0x231a</load_address>
         <run_address>0x231a</run_address>
         <size>0x2c</size>
         <input_file_ref idref="fl-2"/>
      </object_component>
      <object_component id="oc-42">
         <name>.debug_info</name>
         <load_address>0x2346</load_address>
         <run_address>0x2346</run_address>
         <size>0x2a3</size>
         <input_file_ref idref="fl-3"/>
      </object_component>
      <object_component id="oc-11">
         <name>.debug_info</name>
         <load_address>0x25e9</load_address>
         <run_address>0x25e9</run_address>
         <size>0xe2</size>
         <input_file_ref idref="fl-3"/>
      </object_component>
      <object_component id="oc-2c">
         <name>.debug_info</name>
         <load_address>0x26cb</load_address>
         <run_address>0x26cb</run_address>
         <size>0x112</size>
         <input_file_ref idref="fl-3"/>
      </object_component>
      <object_component id="oc-2f">
         <name>.debug_info</name>
         <load_address>0x27dd</load_address>
         <run_address>0x27dd</run_address>
         <size>0x100</size>
         <input_file_ref idref="fl-3"/>
      </object_component>
      <object_component id="oc-36">
         <name>.debug_info</name>
         <load_address>0x28dd</load_address>
         <run_address>0x28dd</run_address>
         <size>0x106</size>
         <input_file_ref idref="fl-3"/>
      </object_component>
      <object_component id="oc-3c">
         <name>.debug_info</name>
         <load_address>0x29e3</load_address>
         <run_address>0x29e3</run_address>
         <size>0x11b</size>
         <input_file_ref idref="fl-3"/>
      </object_component>
      <object_component id="oc-49">
         <name>.debug_info</name>
         <load_address>0x2afe</load_address>
         <run_address>0x2afe</run_address>
         <size>0x84</size>
         <input_file_ref idref="fl-3"/>
      </object_component>
      <object_component id="oc-300">
         <name>.debug_info</name>
         <load_address>0x2b82</load_address>
         <run_address>0x2b82</run_address>
         <size>0x586</size>
         <input_file_ref idref="fl-4"/>
      </object_component>
      <object_component id="oc-1ef">
         <name>.debug_info</name>
         <load_address>0x3108</load_address>
         <run_address>0x3108</run_address>
         <size>0x1cb</size>
         <input_file_ref idref="fl-4"/>
      </object_component>
      <object_component id="oc-1f5">
         <name>.debug_info</name>
         <load_address>0x32d3</load_address>
         <run_address>0x32d3</run_address>
         <size>0xe3</size>
         <input_file_ref idref="fl-4"/>
      </object_component>
      <object_component id="oc-11c">
         <name>.debug_info</name>
         <load_address>0x33b6</load_address>
         <run_address>0x33b6</run_address>
         <size>0x2af</size>
         <input_file_ref idref="fl-4"/>
      </object_component>
      <object_component id="oc-1f1">
         <name>.debug_info</name>
         <load_address>0x3665</load_address>
         <run_address>0x3665</run_address>
         <size>0x55f</size>
         <input_file_ref idref="fl-4"/>
      </object_component>
      <object_component id="oc-3f7">
         <name>.debug_info</name>
         <load_address>0x3bc4</load_address>
         <run_address>0x3bc4</run_address>
         <size>0x130</size>
         <input_file_ref idref="fl-4"/>
      </object_component>
      <object_component id="oc-13f">
         <name>.debug_info</name>
         <load_address>0x3cf4</load_address>
         <run_address>0x3cf4</run_address>
         <size>0x382</size>
         <input_file_ref idref="fl-5"/>
      </object_component>
      <object_component id="oc-10f">
         <name>.debug_info</name>
         <load_address>0x4076</load_address>
         <run_address>0x4076</run_address>
         <size>0x157</size>
         <input_file_ref idref="fl-5"/>
      </object_component>
      <object_component id="oc-115">
         <name>.debug_info</name>
         <load_address>0x41cd</load_address>
         <run_address>0x41cd</run_address>
         <size>0x145</size>
         <input_file_ref idref="fl-5"/>
      </object_component>
      <object_component id="oc-107">
         <name>.debug_info</name>
         <load_address>0x4312</load_address>
         <run_address>0x4312</run_address>
         <size>0x26e</size>
         <input_file_ref idref="fl-5"/>
      </object_component>
      <object_component id="oc-f5">
         <name>.debug_info</name>
         <load_address>0x4580</load_address>
         <run_address>0x4580</run_address>
         <size>0x1dc</size>
         <input_file_ref idref="fl-5"/>
      </object_component>
      <object_component id="oc-fb">
         <name>.debug_info</name>
         <load_address>0x475c</load_address>
         <run_address>0x475c</run_address>
         <size>0x4ce</size>
         <input_file_ref idref="fl-5"/>
      </object_component>
      <object_component id="oc-2f8">
         <name>.debug_info</name>
         <load_address>0x4c2a</load_address>
         <run_address>0x4c2a</run_address>
         <size>0x3ba</size>
         <input_file_ref idref="fl-b"/>
      </object_component>
      <object_component id="oc-1df">
         <name>.debug_info</name>
         <load_address>0x4fe4</load_address>
         <run_address>0x4fe4</run_address>
         <size>0x33c</size>
         <input_file_ref idref="fl-b"/>
      </object_component>
      <object_component id="oc-1e5">
         <name>.debug_info</name>
         <load_address>0x5320</load_address>
         <run_address>0x5320</run_address>
         <size>0x2a9</size>
         <input_file_ref idref="fl-b"/>
      </object_component>
      <object_component id="oc-473">
         <name>.debug_info</name>
         <load_address>0x55c9</load_address>
         <run_address>0x55c9</run_address>
         <size>0x308</size>
         <input_file_ref idref="fl-b"/>
      </object_component>
      <object_component id="oc-1d9">
         <name>.debug_info</name>
         <load_address>0x58d1</load_address>
         <run_address>0x58d1</run_address>
         <size>0x32f</size>
         <input_file_ref idref="fl-b"/>
      </object_component>
      <object_component id="oc-467">
         <name>.debug_info</name>
         <load_address>0x5c00</load_address>
         <run_address>0x5c00</run_address>
         <size>0x2ad</size>
         <input_file_ref idref="fl-b"/>
      </object_component>
      <object_component id="oc-46d">
         <name>.debug_info</name>
         <load_address>0x5ead</load_address>
         <run_address>0x5ead</run_address>
         <size>0x2f0</size>
         <input_file_ref idref="fl-b"/>
      </object_component>
      <object_component id="oc-1eb">
         <name>.debug_info</name>
         <load_address>0x619d</load_address>
         <run_address>0x619d</run_address>
         <size>0x29d</size>
         <input_file_ref idref="fl-b"/>
      </object_component>
      <object_component id="oc-285">
         <name>.debug_info</name>
         <load_address>0x643a</load_address>
         <run_address>0x643a</run_address>
         <size>0x3e4</size>
         <input_file_ref idref="fl-c"/>
      </object_component>
      <object_component id="oc-27f">
         <name>.debug_info</name>
         <load_address>0x681e</load_address>
         <run_address>0x681e</run_address>
         <size>0x2bc</size>
         <input_file_ref idref="fl-c"/>
      </object_component>
      <object_component id="oc-279">
         <name>.debug_info</name>
         <load_address>0x6ada</load_address>
         <run_address>0x6ada</run_address>
         <size>0x31f</size>
         <input_file_ref idref="fl-c"/>
      </object_component>
      <object_component id="oc-1aa">
         <name>.debug_info</name>
         <load_address>0x6df9</load_address>
         <run_address>0x6df9</run_address>
         <size>0x2c0</size>
         <input_file_ref idref="fl-c"/>
      </object_component>
      <object_component id="oc-1d2">
         <name>.debug_info</name>
         <load_address>0x70b9</load_address>
         <run_address>0x70b9</run_address>
         <size>0x299</size>
         <input_file_ref idref="fl-c"/>
      </object_component>
      <object_component id="oc-30a">
         <name>.debug_info</name>
         <load_address>0x7352</load_address>
         <run_address>0x7352</run_address>
         <size>0x3b7</size>
         <input_file_ref idref="fl-d"/>
      </object_component>
      <object_component id="oc-30d">
         <name>.debug_info</name>
         <load_address>0x7709</load_address>
         <run_address>0x7709</run_address>
         <size>0x15b</size>
         <input_file_ref idref="fl-d"/>
      </object_component>
      <object_component id="oc-307">
         <name>.debug_info</name>
         <load_address>0x7864</load_address>
         <run_address>0x7864</run_address>
         <size>0x160</size>
         <input_file_ref idref="fl-d"/>
      </object_component>
      <object_component id="oc-207">
         <name>.debug_info</name>
         <load_address>0x79c4</load_address>
         <run_address>0x79c4</run_address>
         <size>0x2ca</size>
         <input_file_ref idref="fl-d"/>
      </object_component>
      <object_component id="oc-131">
         <name>.debug_info</name>
         <load_address>0x7c8e</load_address>
         <run_address>0x7c8e</run_address>
         <size>0x247</size>
         <input_file_ref idref="fl-d"/>
      </object_component>
      <object_component id="oc-214">
         <name>.debug_info</name>
         <load_address>0x7ed5</load_address>
         <run_address>0x7ed5</run_address>
         <size>0x271</size>
         <input_file_ref idref="fl-d"/>
      </object_component>
      <object_component id="oc-19b">
         <name>.debug_info</name>
         <load_address>0x8146</load_address>
         <run_address>0x8146</run_address>
         <size>0x441</size>
         <input_file_ref idref="fl-e"/>
      </object_component>
      <object_component id="oc-192">
         <name>.debug_info</name>
         <load_address>0x8587</load_address>
         <run_address>0x8587</run_address>
         <size>0x156</size>
         <input_file_ref idref="fl-e"/>
      </object_component>
      <object_component id="oc-195">
         <name>.debug_info</name>
         <load_address>0x86dd</load_address>
         <run_address>0x86dd</run_address>
         <size>0x162</size>
         <input_file_ref idref="fl-e"/>
      </object_component>
      <object_component id="oc-261">
         <name>.debug_info</name>
         <load_address>0x883f</load_address>
         <run_address>0x883f</run_address>
         <size>0x15c</size>
         <input_file_ref idref="fl-e"/>
      </object_component>
      <object_component id="oc-198">
         <name>.debug_info</name>
         <load_address>0x899b</load_address>
         <run_address>0x899b</run_address>
         <size>0x169</size>
         <input_file_ref idref="fl-e"/>
      </object_component>
      <object_component id="oc-1a4">
         <name>.debug_info</name>
         <load_address>0x8b04</load_address>
         <run_address>0x8b04</run_address>
         <size>0x288</size>
         <input_file_ref idref="fl-e"/>
      </object_component>
      <object_component id="oc-19e">
         <name>.debug_info</name>
         <load_address>0x8d8c</load_address>
         <run_address>0x8d8c</run_address>
         <size>0x286</size>
         <input_file_ref idref="fl-e"/>
      </object_component>
      <object_component id="oc-187">
         <name>.debug_info</name>
         <load_address>0x9012</load_address>
         <run_address>0x9012</run_address>
         <size>0x279</size>
         <input_file_ref idref="fl-e"/>
      </object_component>
      <object_component id="oc-18d">
         <name>.debug_info</name>
         <load_address>0x928b</load_address>
         <run_address>0x928b</run_address>
         <size>0x2c3</size>
         <input_file_ref idref="fl-e"/>
      </object_component>
      <object_component id="oc-f0">
         <name>.debug_info</name>
         <load_address>0x954e</load_address>
         <run_address>0x954e</run_address>
         <size>0x4a3</size>
         <input_file_ref idref="fl-e"/>
      </object_component>
      <object_component id="oc-272">
         <name>.debug_info</name>
         <load_address>0x99f1</load_address>
         <run_address>0x99f1</run_address>
         <size>0x51</size>
         <input_file_ref idref="fl-e"/>
      </object_component>
      <object_component id="oc-304">
         <name>.debug_info</name>
         <load_address>0x9a42</load_address>
         <run_address>0x9a42</run_address>
         <size>0x3c7</size>
         <input_file_ref idref="fl-f"/>
      </object_component>
      <object_component id="oc-200">
         <name>.debug_info</name>
         <load_address>0x9e09</load_address>
         <run_address>0x9e09</run_address>
         <size>0x2c3</size>
         <input_file_ref idref="fl-f"/>
      </object_component>
      <object_component id="oc-20c">
         <name>.debug_info</name>
         <load_address>0xa0cc</load_address>
         <run_address>0xa0cc</run_address>
         <size>0x29d</size>
         <input_file_ref idref="fl-f"/>
      </object_component>
      <object_component id="oc-3f0">
         <name>.debug_info</name>
         <load_address>0xa369</load_address>
         <run_address>0xa369</run_address>
         <size>0x29b</size>
         <input_file_ref idref="fl-f"/>
      </object_component>
[...]
         <value>0x1b99</value>
         <object_component_ref idref="oc-278"/>
      </symbol>
      <symbol id="sm-296">
         <name>IntEnable</name>
         <value>0x33c5</value>
         <object_component_ref idref="oc-210"/>
      </symbol>
      <symbol id="sm-297">
         <name>IntRegister</name>
         <value>0x3ead</value>
         <object_component_ref idref="oc-204"/>
      </symbol>
      <symbol id="sm-298">
         <name>g_pfnRAMVectors</name>
         <value>0x20000000</value>
         <object_component_ref idref="oc-306"/>
      </symbol>
      <symbol id="sm-299">
         <name>IntMasterEnable</name>
         <value>0x4341</value>
         <object_component_ref idref="oc-12d"/>
      </symbol>
      <symbol id="sm-314">
         <name>SysCtlDelay</name>
         <value>0x43db</value>
         <object_component_ref idref="oc-1af"/>
      </symbol>
      <symbol id="sm-315">
         <name>SysCtlPeripheralEnable</name>
         <value>0x3ee1</value>
         <object_component_ref idref="oc-19c"/>
      </symbol>
      <symbol id="sm-316">
         <name>SysCtlPeripheralReady</name>
         <value>0x3dcd</value>
         <object_component_ref idref="oc-1a2"/>
      </symbol>
      <symbol id="sm-317">
         <name>SysCtlClockFreqSet</name>
         <value>0x12d9</value>
         <object_component_ref idref="oc-ee"/>
      </symbol>
      <symbol id="sm-34b">
         <name>TimerLoadSet</name>
         <value>0x431d</value>
         <object_component_ref idref="oc-1fe"/>
      </symbol>
      <symbol id="sm-34c">
         <name>TimerEnable</name>
         <value>0x435f</value>
         <object_component_ref idref="oc-216"/>
      </symbol>
      <symbol id="sm-34d">
         <name>TimerIntEnable</name>
         <value>0x43bb</value>
         <object_component_ref idref="oc-20a"/>
      </symbol>
      <symbol id="sm-34e">
         <name>TimerConfigure</name>
         <value>0x37b1</value>
         <object_component_ref idref="oc-1f8"/>
      </symbol>
      <symbol id="sm-34f">
         <name>TimerIntClear</name>
         <value>0x43e1</value>
         <object_component_ref idref="oc-3ee"/>
      </symbol>
      <symbol id="sm-359">
         <name>CPUcpsie</name>
         <value>0x437b</value>
         <object_component_ref idref="oc-22a"/>
      </symbol>
      <symbol id="sm-395">
         <name>atan2f</name>
         <value>0x1e65</value>
         <object_component_ref idref="oc-47c"/>
      </symbol>
      <symbol id="sm-3a5">
         <name>sqrtf</name>
         <value>0x4111</value>
         <object_component_ref idref="oc-476"/>
      </symbol>
      <symbol id="sm-3d2">
         <name>atanf</name>
         <value>0x1fbd</value>
         <object_component_ref idref="oc-4d7"/>
      </symbol>
      <symbol id="sm-3fe">
         <name>printf</name>
         <value>0x3495</value>
         <object_component_ref idref="oc-100"/>
      </symbol>
      <symbol id="sm-568">
         <name>__TI_printfi</name>
         <value>0x201</value>
         <object_component_ref idref="oc-1b1"/>
      </symbol>
      <symbol id="sm-57d">
         <name>putc</name>
         <value>0x2e9d</value>
         <object_component_ref idref="oc-2e8"/>
      </symbol>
      <symbol id="sm-57e">
         <name>fputc</name>
         <value>0x2e9d</value>
         <object_component_ref idref="oc-2e8"/>
      </symbol>
      <symbol id="sm-5a1">
         <name>fputs</name>
         <value>0x25e1</value>
         <object_component_ref idref="oc-2e1"/>
      </symbol>
      <symbol id="sm-5b9">
         <name>__TI_wrt_ok</name>
         <value>0x362d</value>
         <object_component_ref idref="oc-3c6"/>
      </symbol>
      <symbol id="sm-5d5">
         <name>setvbuf</name>
         <value>0x2bdd</value>
         <object_component_ref idref="oc-44e"/>
      </symbol>
      <symbol id="sm-5eb">
         <name>frexpl</name>
         <value>0x3565</value>
         <object_component_ref idref="oc-38f"/>
      </symbol>
      <symbol id="sm-5ec">
         <name>frexp</name>
         <value>0x3565</value>
         <object_component_ref idref="oc-38f"/>
      </symbol>
      <symbol id="sm-609">
         <name>scalbn</name>
         <value>0x26f5</value>
         <object_component_ref idref="oc-395"/>
      </symbol>
      <symbol id="sm-60a">
         <name>scalbnl</name>
         <value>0x26f5</value>
         <object_component_ref idref="oc-395"/>
      </symbol>
      <symbol id="sm-60b">
         <name>ldexpl</name>
         <value>0x26f5</value>
         <object_component_ref idref="oc-395"/>
      </symbol>
      <symbol id="sm-60c">
         <name>ldexp</name>
         <value>0x26f5</value>
         <object_component_ref idref="oc-395"/>
      </symbol>
      <symbol id="sm-619">
         <name>__aeabi_uldivmod</name>
         <value>0x2e07</value>
         <object_component_ref idref="oc-349"/>
      </symbol>
      <symbol id="sm-628">
         <name>__aeabi_memset</name>
         <value>0x312d</value>
         <object_component_ref idref="oc-a9"/>
      </symbol>
      <symbol id="sm-629">
         <name>memset</name>
         <value>0x3133</value>
         <object_component_ref idref="oc-a9"/>
      </symbol>
      <symbol id="sm-62a">
         <name>__aeabi_memset8</name>
         <value>0x312d</value>
         <object_component_ref idref="oc-a9"/>
      </symbol>
      <symbol id="sm-62b">
         <name>__aeabi_memset4</name>
         <value>0x312d</value>
         <object_component_ref idref="oc-a9"/>
      </symbol>
      <symbol id="sm-62c">
         <name>__aeabi_memclr8</name>
         <value>0x312b</value>
         <object_component_ref idref="oc-a9"/>
      </symbol>
      <symbol id="sm-62d">
         <name>__aeabi_memclr4</name>
         <value>0x312b</value>
         <object_component_ref idref="oc-a9"/>
      </symbol>
      <symbol id="sm-62e">
         <name>__aeabi_memclr</name>
         <value>0x312b</value>
         <object_component_ref idref="oc-a9"/>
      </symbol>
      <symbol id="sm-645">
         <name>__aeabi_dsub</name>
         <value>0x1865</value>
         <object_component_ref idref="oc-36f"/>
      </symbol>
      <symbol id="sm-646">
         <name>__aeabi_dadd</name>
         <value>0x186f</value>
         <object_component_ref idref="oc-36f"/>
      </symbol>
      <symbol id="sm-668">
         <name>__aeabi_cdcmpeq</name>
         <value>0x2f29</value>
         <object_component_ref idref="oc-298"/>
      </symbol>
      <symbol id="sm-669">
         <name>__aeabi_cdcmple</name>
         <value>0x2f29</value>
         <object_component_ref idref="oc-298"/>
      </symbol>
      <symbol id="sm-66a">
         <name>__aeabi_cdrcmple</name>
         <value>0x2faf</value>
         <object_component_ref idref="oc-35a"/>
      </symbol>
      <symbol id="sm-67e">
         <name>__aeabi_ddiv</name>
         <value>0x2385</value>
         <object_component_ref idref="oc-355"/>
      </symbol>
      <symbol id="sm-689">
         <name>__aeabi_dmul</name>
         <value>0x2905</value>
         <object_component_ref idref="oc-350"/>
      </symbol>
      <symbol id="sm-693">
         <name>__aeabi_d2iz</name>
         <value>0x3bf1</value>
         <object_component_ref idref="oc-35f"/>
      </symbol>
      <symbol id="sm-69f">
         <name>__aeabi_d2f</name>
         <value>0x3287</value>
         <object_component_ref idref="oc-482"/>
      </symbol>
      <symbol id="sm-6aa">
         <name>__aeabi_f2d</name>
         <value>0x3e3d</value>
         <object_component_ref idref="oc-139"/>
      </symbol>
      <symbol id="sm-6b4">
         <name>__aeabi_i2d</name>
         <value>0x400f</value>
         <object_component_ref idref="oc-36a"/>
      </symbol>
      <symbol id="sm-6cf">
         <name>memcpy</name>
         <value>0x2d6b</value>
         <object_component_ref idref="oc-4e"/>
      </symbol>
      <symbol id="sm-6d0">
         <name>__aeabi_memcpy</name>
         <value>0x2d6b</value>
         <object_component_ref idref="oc-4e"/>
      </symbol>
      <symbol id="sm-6d1">
         <name>__aeabi_memcpy8</name>
         <value>0x2d6b</value>
         <object_component_ref idref="oc-4e"/>
      </symbol>
      <symbol id="sm-6d2">
         <name>__aeabi_memcpy4</name>
         <value>0x2d6b</value>
         <object_component_ref idref="oc-4e"/>
      </symbol>
      <symbol id="sm-6e4">
         <name>__TI_zero_init</name>
         <value>0x4395</value>
         <object_component_ref idref="oc-60"/>
      </symbol>
      <symbol id="sm-6fb">
         <name>__TI_decompress_none</name>
         <value>0x436d</value>
         <object_component_ref idref="oc-19"/>
      </symbol>
      <symbol id="sm-71e">
         <name>__TI_decompress_lzss</name>
         <value>0x342d</value>
         <object_component_ref idref="oc-13"/>
      </symbol>
      <symbol id="sm-744">
         <name>C$$EXIT</name>
         <value>0x43f1</value>
         <object_component_ref idref="oc-145"/>
      </symbol>
      <symbol id="sm-745">
         <name>abort</name>
         <value>0x43f1</value>
         <object_component_ref idref="oc-145"/>
      </symbol>
      <symbol id="sm-746">
         <name>__TI_dtors_ptr</name>
         <value>0x20004868</value>
         <object_component_ref idref="oc-244"/>
      </symbol>
      <symbol id="sm-747">
         <name>__TI_cleanup_ptr</name>
         <value>0x20004864</value>
         <object_component_ref idref="oc-244"/>
      </symbol>
      <symbol id="sm-748">
         <name>__TI_enable_exit_profile_output</name>
         <value>0x2000486c</value>
         <object_component_ref idref="oc-244"/>
      </symbol>
      <symbol id="sm-749">
         <name>exit</name>
         <value>0x3ba9</value>
         <object_component_ref idref="oc-14b"/>
      </symbol>
      <symbol id="sm-75e">
         <name>_nop</name>
         <value>0x3563</value>
         <object_component_ref idref="oc-2d3"/>
      </symbol>
      <symbol id="sm-75f">
         <name>_lock</name>
         <value>0x2000487c</value>
         <object_component_ref idref="oc-1b7"/>
      </symbol>
      <symbol id="sm-760">
         <name>_unlock</name>
         <value>0x20004880</value>
         <object_component_ref idref="oc-1b7"/>
      </symbol>
      <symbol id="sm-776">
         <name>atoi</name>
         <value>0x3b15</value>
         <object_component_ref idref="oc-28c"/>
      </symbol>
      <symbol id="sm-781">
         <name>_ctypes_</name>
         <value>0x45a4</value>
         <object_component_ref idref="oc-344"/>
      </symbol>
      <symbol id="sm-796">
         <name>__TI_tmpnams</name>
         <value>0x200049b0</value>
      </symbol>
      <symbol id="sm-797">
         <name>__aeabi_stdout</name>
         <value>0x2000485c</value>
         <object_component_ref idref="oc-4fe"/>
      </symbol>
      <symbol id="sm-798">
         <name>__aeabi_stderr</name>
         <value>0x20004860</value>
         <object_component_ref idref="oc-4fe"/>
      </symbol>
      <symbol id="sm-799">
         <name>__aeabi_stdin</name>
         <value>0x20004858</value>
         <object_component_ref idref="oc-4fe"/>
      </symbol>
      <symbol id="sm-79a">
         <name>_ftable</name>
         <value>0x20004670</value>
         <object_component_ref idref="oc-1ba"/>
      </symbol>
      <symbol id="sm-79b">
         <name>__TI_ft_end</name>
         <value>0x20004854</value>
         <object_component_ref idref="oc-4fe"/>
      </symbol>
      <symbol id="sm-7aa">
         <name>ltoa</name>
         <value>0x39d3</value>
         <object_component_ref idref="oc-364"/>
      </symbol>
      <symbol id="sm-7ba">
         <name>memccpy</name>
         <value>0x4249</value>
         <object_component_ref idref="oc-2b5"/>
      </symbol>
      <symbol id="sm-7ca">
         <name>memchr</name>
         <value>0x41d1</value>
         <object_component_ref idref="oc-3cc"/>
      </symbol>
      <symbol id="sm-851">
         <name>_sys_memory</name>
         <value>0x20004270</value>
         <object_component_ref idref="oc-22"/>
      </symbol>
      <symbol id="sm-852">
         <name>free</name>
         <value>0x2af5</value>
         <object_component_ref idref="oc-4a1"/>
      </symbol>
      <symbol id="sm-853">
         <name>memalign</name>
         <value>0x2a01</value>
         <object_component_ref idref="oc-4f1"/>
      </symbol>
      <symbol id="sm-854">
         <name>malloc</name>
         <value>0x43cd</value>
         <object_component_ref idref="oc-4a7"/>
      </symbol>
      <symbol id="sm-855">
         <name>aligned_alloc</name>
         <value>0x2a01</value>
         <object_component_ref idref="oc-4f1"/>
      </symbol>
      <symbol id="sm-865">
         <name>strchr</name>
         <value>0x42df</value>
         <object_component_ref idref="oc-39b"/>
      </symbol>
      <symbol id="sm-873">
         <name>strlen</name>
         <value>0x4309</value>
         <object_component_ref idref="oc-286"/>
      </symbol>
      <symbol id="sm-88d">
         <name>write</name>
         <value>0x4139</value>
         <object_component_ref idref="oc-3d8"/>
      </symbol>
      <symbol id="sm-89e">
         <name>_stream</name>
         <value>0x200047d8</value>
         <object_component_ref idref="oc-45a"/>
      </symbol>
      <symbol id="sm-89f">
         <name>_device</name>
         <value>0x20004760</value>
         <object_component_ref idref="oc-4c0"/>
      </symbol>
      <symbol id="sm-8b2">
         <name>__stack</name>
         <value>0x20000270</value>
         <object_component_ref idref="oc-25"/>
      </symbol>
      <symbol id="sm-8b3">
         <name>_c_int00_noargs</name>
         <value>0x3f7d</value>
         <object_component_ref idref="oc-6c"/>
      </symbol>
      <symbol id="sm-8c9">
         <name>__aeabi_errno_addr</name>
         <value>0x43c5</value>
         <object_component_ref idref="oc-2c1"/>
      </symbol>
      <symbol id="sm-8ca">
         <name>errno</name>
         <value>0x2000488c</value>
         <object_component_ref idref="oc-3ab"/>
      </symbol>
      <symbol id="sm-8e3">
         <name>wcslen</name>
         <value>0x432f</value>
         <object_component_ref idref="oc-2bb"/>
      </symbol>
      <symbol id="sm-8ed">
         <name>copysign</name>
         <value>0x427f</value>
         <object_component_ref idref="oc-42c"/>
      </symbol>
      <symbol id="sm-8ee">
         <name>copysignl</name>
         <value>0x427f</value>
         <object_component_ref idref="oc-42c"/>
      </symbol>
      <symbol id="sm-8fe">
         <name>__TI_doflush</name>
         <value>0x3ac7</value>
         <object_component_ref idref="oc-3d2"/>
      </symbol>
      <symbol id="sm-90e">
         <name>__TI_cleanup</name>
         <value>0x3f15</value>
         <object_component_ref idref="oc-4ad"/>
      </symbol>
      <symbol id="sm-920">
         <name>fseek</name>
         <value>0x35c9</value>
         <object_component_ref idref="oc-448"/>
      </symbol>
      <symbol id="sm-92a">
         <name>__aeabi_idiv0</name>
         <value>0x368f</value>
         <object_component_ref idref="oc-413"/>
      </symbol>
      <symbol id="sm-92b">
         <name>__aeabi_ldiv0</name>
         <value>0x368f</value>
         <object_component_ref idref="oc-413"/>
      </symbol>
      <symbol id="sm-953">
         <name>__TI_auto_init_nobinit_nopinit</name>
         <value>0x3cc1</value>
         <object_component_ref idref="oc-151"/>
      </symbol>
      <symbol id="sm-95d">
         <name>_system_pre_init</name>
         <value>0x43ed</value>
         <object_component_ref idref="oc-af"/>
      </symbol>
      <symbol id="sm-970">
         <name>HOSTclose</name>
         <value>0x3c39</value>
         <object_component_ref idref="oc-50a"/>
      </symbol>
      <symbol id="sm-981">
         <name>HOSTlseek</name>
         <value>0x32f5</value>
         <object_component_ref idref="oc-51c"/>
      </symbol>
      <symbol id="sm-993">
         <name>parmbuf</name>
         <value>0x20004a50</value>
      </symbol>
      <symbol id="sm-994">
         <name>HOSTopen</name>
         <value>0x36f1</value>
         <object_component_ref idref="oc-504"/>
      </symbol>
      <symbol id="sm-9a5">
         <name>HOSTread</name>
         <value>0x38cd</value>
         <object_component_ref idref="oc-510"/>
      </symbol>
      <symbol id="sm-9b6">
         <name>HOSTrename</name>
         <value>0x335d</value>
         <object_component_ref idref="oc-528"/>
      </symbol>
      <symbol id="sm-9c7">
         <name>HOSTunlink</name>
         <value>0x3c7d</value>
         <object_component_ref idref="oc-522"/>
      </symbol>
      <symbol id="sm-9d8">
         <name>HOSTwrite</name>
         <value>0x3925</value>
         <object_component_ref idref="oc-516"/>
      </symbol>
      <symbol id="sm-9fc">
         <name>__TI_readmsg</name>
         <value>0x3f49</value>
         <object_component_ref idref="oc-55f"/>
      </symbol>
      <symbol id="sm-9fd">
         <name>C$$IO$$</name>
         <value>0x3e33</value>
         <object_component_ref idref="oc-559"/>
      </symbol>
      <symbol id="sm-9fe">
         <name>__CIOBUF_</name>
         <value>0x20004890</value>
         <object_component_ref idref="oc-58e"/>
      </symbol>
      <symbol id="sm-9ff">
         <name>__TI_writemsg</name>
         <value>0x3e05</value>
         <object_component_ref idref="oc-559"/>
      </symbol>
      <symbol id="sm-a10">
         <name>lseek</name>
         <value>0x40e9</value>
         <object_component_ref idref="oc-499"/>
      </symbol>
      <symbol id="sm-a25">
         <name>__TI_closefile</name>
         <value>0x31a5</value>
         <object_component_ref idref="oc-4f8"/>
      </symbol>
      <symbol id="sm-a48">
         <name>finddevice</name>
         <value>0x3fb1</value>
         <object_component_ref idref="oc-5ae"/>
      </symbol>
      <symbol id="sm-a49">
         <name>getdevice</name>
         <value>0x3d05</value>
         <object_component_ref idref="oc-584"/>
      </symbol>
      <symbol id="sm-a58">
         <name>strcmp</name>
         <value>0x42b1</value>
         <object_component_ref idref="oc-5c5"/>
      </symbol>
      <symbol id="sm-a66">
         <name>strcpy</name>
         <value>0x42f5</value>
         <object_component_ref idref="oc-573"/>
      </symbol>
      <symbol id="sm-a76">
         <name>strncpy</name>
         <value>0x3e75</value>
         <object_component_ref idref="oc-5a8"/>
      </symbol>
      <symbol id="sm-a8b">
         <name>close</name>
         <value>0x3871</value>
         <object_component_ref idref="oc-548"/>
      </symbol>
      <symbol id="sm-a9b">
         <name>unlink</name>
         <value>0x4095</value>
         <object_component_ref idref="oc-54e"/>
      </symbol>
      <symbol id="sm-a9c">
         <name>__TI_static_base__</name>
         <value>0x0</value>
      </symbol>
      <symbol id="sm-a9f">
         <name>__mpu_init</name>
         <value>0x0</value>
      </symbol>
      <symbol id="sm-aa0">
         <name>_system_post_cinit</name>
         <value>0x0</value>
      </symbol>
      <symbol id="sm-aa1">
         <name>remove</name>
         <value>0x4095</value>
      </symbol>
   </symbol_table>
   <title>Link successful</title>
</link_info>
