<?xml version="1.0" encoding="ISO-8859-1" ?>
<link_info>
   <banner>TI ARM Linker PC v18.12.2.LTS</banner>
   <copyright>Copyright (c) 1996-2018 Texas Instruments Incorporated</copyright>
   <link_time>0x69025e65</link_time>
   <link_errors>0x0</link_errors>
   <output_file>Tachometer.out</output_file>
   <entry_point>
      <name>_c_int00_noargs</name>
      <address>0x3439</address>
   </entry_point>
   <input_file_list>
      <input_file id="fl-2">
         <path>.\</path>
         <kind>object</kind>
         <file>main.obj</file>
         <name>main.obj</name>
      </input_file>
      <input_file id="fl-3">
         <path>.\</path>
         <kind>object</kind>
         <file>startup_ccs.obj</file>
         <name>startup_ccs.obj</name>
      </input_file>
      <input_file id="fl-4">
         <path>.\Sensor\</path>
         <kind>object</kind>
         <file>Sensor.obj</file>
         <name>Sensor.obj</name>
      </input_file>
      <input_file id="fl-5">
         <path>.\display\</path>
         <kind>object</kind>
         <file>display.obj</file>
         <name>display.obj</name>
      </input_file>
      <input_file id="fl-a">
         <kind>object</kind>
         <file>&lt;internal&gt;</file>
         <name>&lt;internal&gt;</name>
      </input_file>
      <input_file id="fl-b">
         <path>C:\ti\TivaWare_C_Series-2.2.0.295\driverlib\ccs\Debug\</path>
         <kind>archive</kind>
         <file>driverlib.lib</file>
         <name>adc.obj</name>
      </input_file>
      <input_file id="fl-c">
         <path>C:\ti\TivaWare_C_Series-2.2.0.295\driverlib\ccs\Debug\</path>
         <kind>archive</kind>
         <file>driverlib.lib</file>
         <name>gpio.obj</name>
      </input_file>
      <input_file id="fl-d">
         <path>C:\ti\TivaWare_C_Series-2.2.0.295\driverlib\ccs\Debug\</path>
         <kind>archive</kind>
         <file>driverlib.lib</file>
         <name>interrupt.obj</name>
      </input_file>
      <input_file id="fl-e">
         <path>C:\ti\TivaWare_C_Series-2.2.0.295\driverlib\ccs\Debug\</path>
         <kind>archive</kind>
         <file>driverlib.lib</file>
         <name>sysctl.obj</name>
      </input_file>
      <input_file id="fl-f">
         <path>C:\ti\TivaWare_C_Series-2.2.0.295\driverlib\ccs\Debug\</path>
         <kind>archive</kind>
         <file>driverlib.lib</file>
         <name>timer.obj</name>
      </input_file>
      <input_file id="fl-10">
         <path>C:\ti\TivaWare_C_Series-2.2.0.295\driverlib\ccs\Debug\</path>
         <kind>archive</kind>
         <file>driverlib.lib</file>
         <name>cpu.obj</name>
      </input_file>
      <input_file id="fl-c6">
         <path>C:\ti\ti-cgt-arm_18.12.2.LTS\lib\</path>
         <kind>archive</kind>
         <file>rtsv7M4_T_le_v4SPD16_eabi.lib</file>
         <name>printf.c.obj</name>
      </input_file>
      <input_file id="fl-c7">
         <path>C:\ti\ti-cgt-arm_18.12.2.LTS\lib\</path>
         <kind>archive</kind>
         <file>rtsv7M4_T_le_v4SPD16_eabi.lib</file>
         <name>_printfi.c.obj</name>
      </input_file>
      <input_file id="fl-c8">
         <path>C:\ti\ti-cgt-arm_18.12.2.LTS\lib\</path>
         <kind>archive</kind>
         <file>rtsv7M4_T_le_v4SPD16_eabi.lib</file>
         <name>fputc.c.obj</name>
      </input_file>
      <input_file id="fl-c9">
         <path>C:\ti\ti-cgt-arm_18.12.2.LTS\lib\</path>
         <kind>archive</kind>
         <file>rtsv7M4_T_le_v4SPD16_eabi.lib</file>
         <name>fputs.c.obj</name>
      </input_file>
      <input_file id="fl-ca">
         <path>C:\ti\ti-cgt-arm_18.12.2.LTS\lib\</path>
         <kind>archive</kind>
         <file>rtsv7M4_T_le_v4SPD16_eabi.lib</file>
         <name>_io_perm.c.obj</name>
      </input_file>
      <input_file id="fl-cb">
         <path>C:\ti\ti-cgt-arm_18.12.2.LTS\lib\</path>
         <kind>archive</kind>
         <file>rtsv7M4_T_le_v4SPD16_eabi.lib</file>
         <name>setvbuf.c.obj</name>
      </input_file>
      <input_file id="fl-cc">
         <path>C:\ti\ti-cgt-arm_18.12.2.LTS\lib\</path>
         <kind>archive</kind>
         <file>rtsv7M4_T_le_v4SPD16_eabi.lib</file>
         <name>e_atan2.c.obj</name>
      </input_file>
      <input_file id="fl-cd">
         <path>C:\ti\ti-cgt-arm_18.12.2.LTS\lib\</path>
         <kind>archive</kind>
         <file>rtsv7M4_T_le_v4SPD16_eabi.lib</file>
         <name>s_atan.c.obj</name>
      </input_file>
      <input_file id="fl-ce">
         <path>C:\ti\ti-cgt-arm_18.12.2.LTS\lib\</path>
         <kind>archive</kind>
         <file>rtsv7M4_T_le_v4SPD16_eabi.lib</file>
         <name>s_frexp.c.obj</name>
      </input_file>
      <input_file id="fl-cf">
         <path>C:\ti\ti-cgt-arm_18.12.2.LTS\lib\</path>
         <kind>archive</kind>
         <file>rtsv7M4_T_le_v4SPD16_eabi.lib</file>
         <name>s_scalbn.c.obj</name>
      </input_file>
      <input_file id="fl-d0">
         <path>C:\ti\ti-cgt-arm_18.12.2.LTS\lib\</path>
         <kind>archive</kind>
         <file>rtsv7M4_T_le_v4SPD16_eabi.lib</file>
         <name>ull_div_t2.asm.obj</name>
      </input_file>
      <input_file id="fl-d1">
         <path>C:\ti\ti-cgt-arm_18.12.2.LTS\lib\</path>
         <kind>archive</kind>
         <file>rtsv7M4_T_le_v4SPD16_eabi.lib</file>
         <name>memset_t2.asm.obj</name>
      </input_file>
      <input_file id="fl-d2">
         <path>C:\ti\ti-cgt-arm_18.12.2.LTS\lib\</path>
         <kind>archive</kind>
         <file>rtsv7M4_T_le_v4SPD16_eabi.lib</file>
         <name>fd_add_t2.asm.obj</name>
      </input_file>
      <input_file id="fl-d3">
         <path>C:\ti\ti-cgt-arm_18.12.2.LTS\lib\</path>
         <kind>archive</kind>
         <file>rtsv7M4_T_le_v4SPD16_eabi.lib</file>
         <name>fd_cmp_t2.asm.obj</name>
      </input_file>
      <input_file id="fl-d4">
         <path>C:\ti\ti-cgt-arm_18.12.2.LTS\lib\</path>
         <kind>archive</kind>
         <file>rtsv7M4_T_le_v4SPD16_eabi.lib</file>
         <name>fd_div_t2.asm.obj</name>
      </input_file>
      <input_file id="fl-d5">
         <path>C:\ti\ti-cgt-arm_18.12.2.LTS\lib\</path>
         <kind>archive</kind>
         <file>rtsv7M4_T_le_v4SPD16_eabi.lib</file>
         <name>fd_mul_t2.asm.obj</name>
      </input_file>
      <input_file id="fl-d6">
         <path>C:\ti\ti-cgt-arm_18.12.2.LTS\lib\</path>
         <kind>archive</kind>
         <file>rtsv7M4_T_le_v4SPD16_eabi.lib</file>
         <name>fd_toi_t2.asm.obj</name>
      </input_file>
      <input_file id="fl-d7">
         <path>C:\ti\ti-cgt-arm_18.12.2.LTS\lib\</path>
         <kind>archive</kind>
         <file>rtsv7M4_T_le_v4SPD16_eabi.lib</file>
         <name>fd_tos_t2.asm.obj</name>
      </input_file>
      <input_file id="fl-d8">
         <path>C:\ti\ti-cgt-arm_18.12.2.LTS\lib\</path>
         <kind>archive</kind>
         <file>rtsv7M4_T_le_v4SPD16_eabi.lib</file>
         <name>fs_tod_t2.asm.obj</name>
      </input_file>
      <input_file id="fl-d9">
         <path>C:\ti\ti-cgt-arm_18.12.2.LTS\lib\</path>
         <kind>archive</kind>
         <file>rtsv7M4_T_le_v4SPD16_eabi.lib</file>
         <name>i_tofd_t2.asm.obj</name>
      </input_file>
      <input_file id="fl-da">
         <path>C:\ti\ti-cgt-arm_18.12.2.LTS\lib\</path>
         <kind>archive</kind>
         <file>rtsv7M4_T_le_v4SPD16_eabi.lib</file>
         <name>memcpy_t2.asm.obj</name>
      </input_file>
      <input_file id="fl-db">
         <path>C:\ti\ti-cgt-arm_18.12.2.LTS\lib\</path>
         <kind>archive</kind>
         <file>rtsv7M4_T_le_v4SPD16_eabi.lib</file>
         <name>copy_zero_init.c.obj</name>
      </input_file>
      <input_file id="fl-dc">
         <path>C:\ti\ti-cgt-arm_18.12.2.LTS\lib\</path>
         <kind>archive</kind>
         <file>rtsv7M4_T_le_v4SPD16_eabi.lib</file>
         <name>copy_decompress_none.c.obj</name>
      </input_file>
      <input_file id="fl-dd">
         <path>C:\ti\ti-cgt-arm_18.12.2.LTS\lib\</path>
         <kind>archive</kind>
         <file>rtsv7M4_T_le_v4SPD16_eabi.lib</file>
         <name>copy_decompress_lzss.c.obj</name>
      </input_file>
      <input_file id="fl-de">
         <path>C:\ti\ti-cgt-arm_18.12.2.LTS\lib\</path>
         <kind>archive</kind>
         <file>rtsv7M4_T_le_v4SPD16_eabi.lib</file>
         <name>exit.c.obj</name>
      </input_file>
      <input_file id="fl-df">
         <path>C:\ti\ti-cgt-arm_18.12.2.LTS\lib\</path>
         <kind>archive</kind>
         <file>rtsv7M4_T_le_v4SPD16_eabi.lib</file>
         <name>_lock.c.obj</name>
      </input_file>
      <input_file id="fl-e0">
         <path>C:\ti\ti-cgt-arm_18.12.2.LTS\lib\</path>
         <kind>archive</kind>
         <file>rtsv7M4_T_le_v4SPD16_eabi.lib</file>
         <name>atoi.c.obj</name>
      </input_file>
      <input_file id="fl-e1">
         <path>C:\ti\ti-cgt-arm_18.12.2.LTS\lib\</path>
         <kind>archive</kind>
         <file>rtsv7M4_T_le_v4SPD16_eabi.lib</file>
         <name>ctype.c.obj</name>
      </input_file>
      <input_file id="fl-e2">
         <path>C:\ti\ti-cgt-arm_18.12.2.LTS\lib\</path>
         <kind>archive</kind>
         <file>rtsv7M4_T_le_v4SPD16_eabi.lib</file>
         <name>defs.c.obj</name>
      </input_file>
      <input_file id="fl-e3">
         <path>C:\ti\ti-cgt-arm_18.12.2.LTS\lib\</path>
         <kind>archive</kind>
         <file>rtsv7M4_T_le_v4SPD16_eabi.lib</file>
         <name>ltoa.c.obj</name>
      </input_file>
      <input_file id="fl-e4">
         <path>C:\ti\ti-cgt-arm_18.12.2.LTS\lib\</path>
         <kind>archive</kind>
         <file>rtsv7M4_T_le_v4SPD16_eabi.lib</file>
         <name>memccpy.c.obj</name>
      </input_file>
      <input_file id="fl-e5">
         <path>C:\ti\ti-cgt-arm_18.12.2.LTS\lib\</path>
         <kind>archive</kind>
         <file>rtsv7M4_T_le_v4SPD16_eabi.lib</file>
         <name>memchr.c.obj</name>
      </input_file>
      <input_file id="fl-e6">
         <path>C:\ti\ti-cgt-arm_18.12.2.LTS\lib\</path>
         <kind>archive</kind>
         <file>rtsv7M4_T_le_v4SPD16_eabi.lib</file>
         <name>memory.c.obj</name>
      </input_file>
      <input_file id="fl-e7">
         <path>C:\ti\ti-cgt-arm_18.12.2.LTS\lib\</path>
         <kind>archive</kind>
         <file>rtsv7M4_T_le_v4SPD16_eabi.lib</file>
         <name>strchr.c.obj</name>
      </input_file>
      <input_file id="fl-e8">
         <path>C:\ti\ti-cgt-arm_18.12.2.LTS\lib\</path>
         <kind>archive</kind>
         <file>rtsv7M4_T_le_v4SPD16_eabi.lib</file>
         <name>strlen.c.obj</name>
      </input_file>
      <input_file id="fl-e9">
         <path>C:\ti\ti-cgt-arm_18.12.2.LTS\lib\</path>
         <kind>archive</kind>
         <file>rtsv7M4_T_le_v4SPD16_eabi.lib</file>
         <name>write.c.obj</name>
      </input_file>
      <input_file id="fl-ea">
         <path>C:\ti\ti-cgt-arm_18.12.2.LTS\lib\</path>
         <kind>archive</kind>
         <file>rtsv7M4_T_le_v4SPD16_eabi.lib</file>
         <name>host_device.c.obj</name>
      </input_file>
      <input_file id="fl-eb">
         <path>C:\ti\ti-cgt-arm_18.12.2.LTS\lib\</path>
         <kind>archive</kind>
         <file>rtsv7M4_T_le_v4SPD16_eabi.lib</file>
         <name>boot_cortex_m.c.obj</name>
      </input_file>
      <input_file id="fl-ec">
         <path>C:\ti\ti-cgt-arm_18.12.2.LTS\lib\</path>
         <kind>archive</kind>
         <file>rtsv7M4_T_le_v4SPD16_eabi.lib</file>
         <name>errno.c.obj</name>
      </input_file>
      <input_file id="fl-ed">
         <path>C:\ti\ti-cgt-arm_18.12.2.LTS\lib\</path>
         <kind>archive</kind>
         <file>rtsv7M4_T_le_v4SPD16_eabi.lib</file>
         <name>wcslen.c.obj</name>
      </input_file>
      <input_file id="fl-ee">
         <path>C:\ti\ti-cgt-arm_18.12.2.LTS\lib\</path>
         <kind>archive</kind>
         <file>rtsv7M4_T_le_v4SPD16_eabi.lib</file>
         <name>s_copysign.c.obj</name>
      </input_file>
      <input_file id="fl-ef">
         <path>C:\ti\ti-cgt-arm_18.12.2.LTS\lib\</path>
         <kind>archive</kind>
         <file>rtsv7M4_T_le_v4SPD16_eabi.lib</file>
         <name>fflush.c.obj</name>
      </input_file>
      <input_file id="fl-f0">
         <path>C:\ti\ti-cgt-arm_18.12.2.LTS\lib\</path>
         <kind>archive</kind>
         <file>rtsv7M4_T_le_v4SPD16_eabi.lib</file>
         <name>fopen.c.obj</name>
      </input_file>
      <input_file id="fl-f1">
         <path>C:\ti\ti-cgt-arm_18.12.2.LTS\lib\</path>
         <kind>archive</kind>
         <file>rtsv7M4_T_le_v4SPD16_eabi.lib</file>
         <name>fseek.c.obj</name>
      </input_file>
      <input_file id="fl-f2">
         <path>C:\ti\ti-cgt-arm_18.12.2.LTS\lib\</path>
         <kind>archive</kind>
         <file>rtsv7M4_T_le_v4SPD16_eabi.lib</file>
         <name>div0.asm.obj</name>
      </input_file>
      <input_file id="fl-f3">
         <path>C:\ti\ti-cgt-arm_18.12.2.LTS\lib\</path>
         <kind>archive</kind>
         <file>rtsv7M4_T_le_v4SPD16_eabi.lib</file>
         <name>autoinit.c.obj</name>
      </input_file>
      <input_file id="fl-f4">
         <path>C:\ti\ti-cgt-arm_18.12.2.LTS\lib\</path>
         <kind>archive</kind>
         <file>rtsv7M4_T_le_v4SPD16_eabi.lib</file>
         <name>pre_init.c.obj</name>
      </input_file>
      <input_file id="fl-f5">
         <path>C:\ti\ti-cgt-arm_18.12.2.LTS\lib\</path>
         <kind>archive</kind>
         <file>rtsv7M4_T_le_v4SPD16_eabi.lib</file>
         <name>cpy_tbl.c.obj</name>
      </input_file>
      <input_file id="fl-f6">
         <path>C:\ti\ti-cgt-arm_18.12.2.LTS\lib\</path>
         <kind>archive</kind>
         <file>rtsv7M4_T_le_v4SPD16_eabi.lib</file>
         <name>args_main.c.obj</name>
      </input_file>
      <input_file id="fl-f7">
         <path>C:\ti\ti-cgt-arm_18.12.2.LTS\lib\</path>
         <kind>archive</kind>
         <file>rtsv7M4_T_le_v4SPD16_eabi.lib</file>
         <name>hostclose.c.obj</name>
      </input_file>
      <input_file id="fl-f8">
         <path>C:\ti\ti-cgt-arm_18.12.2.LTS\lib\</path>
         <kind>archive</kind>
         <file>rtsv7M4_T_le_v4SPD16_eabi.lib</file>
         <name>hostlseek.c.obj</name>
      </input_file>
      <input_file id="fl-f9">
         <path>C:\ti\ti-cgt-arm_18.12.2.LTS\lib\</path>
         <kind>archive</kind>
         <file>rtsv7M4_T_le_v4SPD16_eabi.lib</file>
         <name>hostopen.c.obj</name>
      </input_file>
      <input_file id="fl-fa">
         <path>C:\ti\ti-cgt-arm_18.12.2.LTS\lib\</path>
         <kind>archive</kind>
         <file>rtsv7M4_T_le_v4SPD16_eabi.lib</file>
         <name>hostread.c.obj</name>
      </input_file>
      <input_file id="fl-fb">
         <path>C:\ti\ti-cgt-arm_18.12.2.LTS\lib\</path>
         <kind>archive</kind>
         <file>rtsv7M4_T_le_v4SPD16_eabi.lib</file>
         <name>hostrename.c.obj</name>
      </input_file>
      <input_file id="fl-fc">
         <path>C:\ti\ti-cgt-arm_18.12.2.LTS\lib\</path>
         <kind>archive</kind>
         <file>rtsv7M4_T_le_v4SPD16_eabi.lib</file>
         <name>hostunlink.c.obj</name>
      </input_file>
      <input_file id="fl-fd">
         <path>C:\ti\ti-cgt-arm_18.12.2.LTS\lib\</path>
         <kind>archive</kind>
         <file>rtsv7M4_T_le_v4SPD16_eabi.lib</file>
         <name>hostwrite.c.obj</name>
      </input_file>
      <input_file id="fl-fe">
         <path>C:\ti\ti-cgt-arm_18.12.2.LTS\lib\</path>
         <kind>archive</kind>
         <file>rtsv7M4_T_le_v4SPD16_eabi.lib</file>
         <name>trgmsg.c.obj</name>
      </input_file>
      <input_file id="fl-ff">
         <path>C:\ti\ti-cgt-arm_18.12.2.LTS\lib\</path>
         <kind>archive</kind>
         <file>rtsv7M4_T_le_v4SPD16_eabi.lib</file>
         <name>open.c.obj</name>
      </input_file>
      <input_file id="fl-100">
         <path>C:\ti\ti-cgt-arm_18.12.2.LTS\lib\</path>
         <kind>archive</kind>
         <file>rtsv7M4_T_le_v4SPD16_eabi.lib</file>
         <name>lseek.c.obj</name>
      </input_file>
      <input_file id="fl-101">
         <path>C:\ti\ti-cgt-arm_18.12.2.LTS\lib\</path>
         <kind>archive</kind>
         <file>rtsv7M4_T_le_v4SPD16_eabi.lib</file>
         <name>fclose.c.obj</name>
      </input_file>
      <input_file id="fl-102">
         <path>C:\ti\ti-cgt-arm_18.12.2.LTS\lib\</path>
         <kind>archive</kind>
         <file>rtsv7M4_T_le_v4SPD16_eabi.lib</file>
         <name>getdevice.c.obj</name>
      </input_file>
      <input_file id="fl-103">
         <path>C:\ti\ti-cgt-arm_18.12.2.LTS\lib\</path>
         <kind>archive</kind>
         <file>rtsv7M4_T_le_v4SPD16_eabi.lib</file>
         <name>strcmp.c.obj</name>
      </input_file>
      <input_file id="fl-104">
         <path>C:\ti\ti-cgt-arm_18.12.2.LTS\lib\</path>
         <kind>archive</kind>
         <file>rtsv7M4_T_le_v4SPD16_eabi.lib</file>
         <name>strcpy.c.obj</name>
      </input_file>
      <input_file id="fl-105">
         <path>C:\ti\ti-cgt-arm_18.12.2.LTS\lib\</path>
         <kind>archive</kind>
         <file>rtsv7M4_T_le_v4SPD16_eabi.lib</file>
         <name>strncpy.c.obj</name>
      </input_file>
      <input_file id="fl-106">
         <path>C:\ti\ti-cgt-arm_18.12.2.LTS\lib\</path>
         <kind>archive</kind>
         <file>rtsv7M4_T_le_v4SPD16_eabi.lib</file>
         <name>remove.c.obj</name>
      </input_file>
      <input_file id="fl-107">
         <path>C:\ti\ti-cgt-arm_18.12.2.LTS\lib\</path>
         <kind>archive</kind>
         <file>rtsv7M4_T_le_v4SPD16_eabi.lib</file>
         <name>close.c.obj</name>
      </input_file>
      <input_file id="fl-108">
         <path>C:\ti\ti-cgt-arm_18.12.2.LTS\lib\</path>
         <kind>archive</kind>
         <file>rtsv7M4_T_le_v4SPD16_eabi.lib</file>
         <name>unlink.c.obj</name>
      </input_file>
   </input_file_list>
   <object_component_list>
      <object_component id="oc-10">
         <name>.intvecs</name>
         <load_address>0x0</load_address>
         <run_address>0x0</run_address>
         <size>0x200</size>
         <input_file_ref idref="fl-3"/>
      </object_component>
      <object_component id="oc-1f2">
         <name>.text:__TI_printfi</name>
         <load_address>0x200</load_address>
         <run_address>0x200</run_address>
         <size>0xa4e</size>
         <input_file_ref idref="fl-c7"/>
      </object_component>
      <object_component id="oc-34">
         <name>.text:FaultISR</name>
         <load_address>0xc4e</load_address>
         <run_address>0xc4e</run_address>
         <size>0x2</size>
         <input_file_ref idref="fl-3"/>
      </object_component>
      <object_component id="oc-295">
         <name>.text:_pconv_a</name>
         <load_address>0xc50</load_address>
         <run_address>0xc50</run_address>
         <size>0x270</size>
         <input_file_ref idref="fl-c7"/>
      </object_component>
      <object_component id="oc-ee">
         <name>.text:SysCtlClockFreqSet</name>
         <load_address>0xec0</load_address>
         <run_address>0xec0</run_address>
         <size>0x200</size>
         <input_file_ref idref="fl-e"/>
      </object_component>
      <object_component id="oc-b5">
         <name>.text:main</name>
         <load_address>0x10c0</load_address>
         <run_address>0x10c0</run_address>
         <size>0x1e8</size>
         <input_file_ref idref="fl-2"/>
      </object_component>
      <object_component id="oc-283">
         <name>.text:_pconv_g</name>
         <load_address>0x12a8</load_address>
         <run_address>0x12a8</run_address>
         <size>0x1d0</size>
         <input_file_ref idref="fl-c7"/>
      </object_component>
      <object_component id="oc-32e">
         <name>.text</name>
         <load_address>0x1478</load_address>
         <run_address>0x1478</run_address>
         <size>0x1b6</size>
         <input_file_ref idref="fl-d2"/>
      </object_component>
      <object_component id="oc-3a">
         <name>.text:IntDefaultHandler</name>
         <load_address>0x162e</load_address>
         <run_address>0x162e</run_address>
         <size>0x2</size>
         <input_file_ref idref="fl-3"/>
      </object_component>
      <object_component id="oc-24d">
         <name>.text:GPIOPadConfigSet</name>
         <load_address>0x1630</load_address>
         <run_address>0x1630</run_address>
         <size>0x16c</size>
         <input_file_ref idref="fl-c"/>
      </object_component>
      <object_component id="oc-fa">
         <name>.text:configure_display_controller_large</name>
         <load_address>0x179c</load_address>
         <run_address>0x179c</run_address>
         <size>0x160</size>
         <input_file_ref idref="fl-5"/>
      </object_component>
      <object_component id="oc-28f">
         <name>.text:_pconv_e</name>
         <load_address>0x18fc</load_address>
         <run_address>0x18fc</run_address>
         <size>0x13c</size>
         <input_file_ref idref="fl-c7"/>
      </object_component>
      <object_component id="oc-314">
         <name>.text</name>
         <load_address>0x1a38</load_address>
         <run_address>0x1a38</run_address>
         <size>0x136</size>
         <input_file_ref idref="fl-d4"/>
      </object_component>
      <object_component id="oc-2e">
         <name>.text:NmiSR</name>
         <load_address>0x1b6e</load_address>
         <run_address>0x1b6e</run_address>
         <size>0x2</size>
         <input_file_ref idref="fl-3"/>
      </object_component>
      <object_component id="oc-340">
         <name>.text:fcvt</name>
         <load_address>0x1b70</load_address>
         <run_address>0x1b70</run_address>
         <size>0x124</size>
         <input_file_ref idref="fl-c7"/>
      </object_component>
      <object_component id="oc-2c7">
         <name>.text:fputs</name>
         <load_address>0x1c94</load_address>
         <run_address>0x1c94</run_address>
         <size>0x114</size>
         <input_file_ref idref="fl-c9"/>
      </object_component>
      <object_component id="oc-354">
         <name>.text:scalbn</name>
         <load_address>0x1da8</load_address>
         <run_address>0x1da8</run_address>
         <size>0x110</size>
         <input_file_ref idref="fl-cf"/>
      </object_component>
      <object_component id="oc-30f">
         <name>.text</name>
         <load_address>0x1eb8</load_address>
         <run_address>0x1eb8</run_address>
         <size>0xfc</size>
         <input_file_ref idref="fl-d5"/>
      </object_component>
      <object_component id="oc-45f">
         <name>.text:aligned_alloc</name>
         <load_address>0x1fb4</load_address>
         <run_address>0x1fb4</run_address>
         <size>0xf4</size>
         <input_file_ref idref="fl-e6"/>
      </object_component>
      <object_component id="oc-41d">
         <name>.text:free</name>
         <load_address>0x20a8</load_address>
         <run_address>0x20a8</run_address>
         <size>0xe8</size>
         <input_file_ref idref="fl-e6"/>
      </object_component>
      <object_component id="oc-3ef">
         <name>.text:setvbuf</name>
         <load_address>0x2190</load_address>
         <run_address>0x2190</run_address>
         <size>0xdc</size>
         <input_file_ref idref="fl-cb"/>
      </object_component>
      <object_component id="oc-278">
         <name>.text:_ltostr</name>
         <load_address>0x226c</load_address>
         <run_address>0x226c</run_address>
         <size>0xb1</size>
         <input_file_ref idref="fl-c7"/>
      </object_component>
      <object_component id="oc-4e">
         <name>.text</name>
         <load_address>0x231e</load_address>
         <run_address>0x231e</run_address>
         <size>0x9c</size>
         <input_file_ref idref="fl-da"/>
      </object_component>
      <object_component id="oc-308">
         <name>.text</name>
         <load_address>0x23ba</load_address>
         <run_address>0x23ba</run_address>
         <size>0x96</size>
         <input_file_ref idref="fl-d0"/>
      </object_component>
      <object_component id="oc-2ce">
         <name>.text:fputc</name>
         <load_address>0x2450</load_address>
         <run_address>0x2450</run_address>
         <size>0x8c</size>
         <input_file_ref idref="fl-c8"/>
      </object_component>
      <object_component id="oc-27e">
         <name>.text:__aeabi_cdcmple</name>
         <load_address>0x24dc</load_address>
         <run_address>0x24dc</run_address>
         <size>0x86</size>
         <input_file_ref idref="fl-d3"/>
      </object_component>
      <object_component id="oc-319">
         <name>.text:__aeabi_cdrcmple</name>
         <load_address>0x2562</load_address>
         <run_address>0x2562</run_address>
         <size>0x86</size>
         <input_file_ref idref="fl-d3"/>
      </object_component>
      <object_component id="oc-100">
         <name>.text:Sensor_Init</name>
         <load_address>0x25e8</load_address>
         <run_address>0x25e8</run_address>
         <size>0x7c</size>
         <input_file_ref idref="fl-4"/>
      </object_component>
      <object_component id="oc-4a7">
         <name>.text:split</name>
         <load_address>0x2664</load_address>
         <run_address>0x2664</run_address>
         <size>0x7c</size>
         <input_file_ref idref="fl-e6"/>
      </object_component>
      <object_component id="oc-1b9">
         <name>.text:ADCSequenceStepConfigure</name>
         <load_address>0x26e0</load_address>
         <run_address>0x26e0</run_address>
         <size>0x7a</size>
         <input_file_ref idref="fl-b"/>
      </object_component>
      <object_component id="oc-a9">
         <name>.text</name>
         <load_address>0x275a</load_address>
         <run_address>0x275a</run_address>
         <size>0x7a</size>
         <input_file_ref idref="fl-d1"/>
      </object_component>
      <object_component id="oc-466">
         <name>.text:__TI_closefile</name>
         <load_address>0x27d4</load_address>
         <run_address>0x27d4</run_address>
         <size>0x74</size>
         <input_file_ref idref="fl-101"/>
      </object_component>
      <object_component id="oc-339">
         <name>.text:_mcpy</name>
         <load_address>0x2848</load_address>
         <run_address>0x2848</run_address>
         <size>0x6e</size>
         <input_file_ref idref="fl-c7"/>
      </object_component>
      <object_component id="oc-2b9">
         <name>.text:_nop</name>
         <load_address>0x28b6</load_address>
         <run_address>0x28b6</run_address>
         <size>0x2</size>
         <input_file_ref idref="fl-df"/>
      </object_component>
      <object_component id="oc-48a">
         <name>.text:HOSTlseek</name>
         <load_address>0x28b8</load_address>
         <run_address>0x28b8</run_address>
         <size>0x68</size>
         <input_file_ref idref="fl-f8"/>
      </object_component>
      <object_component id="oc-496">
         <name>.text:HOSTrename</name>
         <load_address>0x2920</load_address>
         <run_address>0x2920</run_address>
         <size>0x68</size>
         <input_file_ref idref="fl-fb"/>
      </object_component>
      <object_component id="oc-1de">
         <name>.text:IntEnable</name>
         <load_address>0x2988</load_address>
         <run_address>0x2988</run_address>
         <size>0x68</size>
         <input_file_ref idref="fl-d"/>
      </object_component>
      <object_component id="oc-13">
         <name>.text:decompress:lzss:__TI_decompress_lzss</name>
         <load_address>0x29f0</load_address>
         <run_address>0x29f0</run_address>
         <size>0x68</size>
         <input_file_ref idref="fl-dd"/>
      </object_component>
      <object_component id="oc-112">
         <name>.text:printf</name>
         <load_address>0x2a58</load_address>
         <run_address>0x2a58</run_address>
         <size>0x68</size>
         <input_file_ref idref="fl-c6"/>
      </object_component>
      <object_component id="oc-34e">
         <name>.text:frexp</name>
         <load_address>0x2ac0</load_address>
         <run_address>0x2ac0</run_address>
         <size>0x64</size>
         <input_file_ref idref="fl-ce"/>
      </object_component>
      <object_component id="oc-3e9">
         <name>.text:fseek</name>
         <load_address>0x2b24</load_address>
         <run_address>0x2b24</run_address>
         <size>0x64</size>
         <input_file_ref idref="fl-f1"/>
      </object_component>
      <object_component id="oc-385">
         <name>.text:__TI_wrt_ok</name>
         <load_address>0x2b88</load_address>
         <run_address>0x2b88</run_address>
         <size>0x62</size>
         <input_file_ref idref="fl-ca"/>
      </object_component>
      <object_component id="oc-3b4">
         <name>.text</name>
         <load_address>0x2bea</load_address>
         <run_address>0x2bea</run_address>
         <size>0x2</size>
         <input_file_ref idref="fl-f2"/>
      </object_component>
      <object_component id="oc-472">
         <name>.text:HOSTopen</name>
         <load_address>0x2bec</load_address>
         <run_address>0x2bec</run_address>
         <size>0x60</size>
         <input_file_ref idref="fl-f9"/>
      </object_component>
      <object_component id="oc-1cc">
         <name>.text:TimerConfigure</name>
         <load_address>0x2c4c</load_address>
         <run_address>0x2c4c</run_address>
         <size>0x60</size>
         <input_file_ref idref="fl-f"/>
      </object_component>
      <object_component id="oc-118">
         <name>.text:window_set</name>
         <load_address>0x2cac</load_address>
         <run_address>0x2cac</run_address>
         <size>0x5e</size>
         <input_file_ref idref="fl-5"/>
      </object_component>
      <object_component id="oc-4ae">
         <name>.text:close</name>
         <load_address>0x2d0c</load_address>
         <run_address>0x2d0c</run_address>
         <size>0x5c</size>
         <input_file_ref idref="fl-107"/>
      </object_component>
      <object_component id="oc-47e">
         <name>.text:HOSTread</name>
         <load_address>0x2d68</load_address>
         <run_address>0x2d68</run_address>
         <size>0x58</size>
         <input_file_ref idref="fl-fa"/>
      </object_component>
      <object_component id="oc-484">
         <name>.text:HOSTwrite</name>
         <load_address>0x2dc0</load_address>
         <run_address>0x2dc0</run_address>
         <size>0x58</size>
         <input_file_ref idref="fl-fd"/>
      </object_component>
      <object_component id="oc-289">
         <name>.text:_pconv_f</name>
         <load_address>0x2e18</load_address>
         <run_address>0x2e18</run_address>
         <size>0x56</size>
         <input_file_ref idref="fl-c7"/>
      </object_component>
      <object_component id="oc-106">
         <name>.text:SensorTimer_Init</name>
         <load_address>0x2e70</load_address>
         <run_address>0x2e70</run_address>
         <size>0x54</size>
         <input_file_ref idref="fl-2"/>
      </object_component>
      <object_component id="oc-323">
         <name>.text:ltoa</name>
         <load_address>0x2ec4</load_address>
         <run_address>0x2ec4</run_address>
         <size>0x54</size>
         <input_file_ref idref="fl-e3"/>
      </object_component>
      <object_component id="oc-333">
         <name>.text:_ecpy</name>
         <load_address>0x2f18</load_address>
         <run_address>0x2f18</run_address>
         <size>0x52</size>
         <input_file_ref idref="fl-c7"/>
      </object_component>
      <object_component id="oc-1b3">
         <name>.text:ADCSequenceConfigure</name>
         <load_address>0x2f6a</load_address>
         <run_address>0x2f6a</run_address>
         <size>0x4e</size>
         <input_file_ref idref="fl-b"/>
      </object_component>
      <object_component id="oc-391">
         <name>.text:__TI_doflush</name>
         <load_address>0x2fb8</load_address>
         <run_address>0x2fb8</run_address>
         <size>0x4c</size>
         <input_file_ref idref="fl-ef"/>
      </object_component>
      <object_component id="oc-272">
         <name>.text:atoi</name>
         <load_address>0x3004</load_address>
         <run_address>0x3004</run_address>
         <size>0x4c</size>
         <input_file_ref idref="fl-e0"/>
      </object_component>
      <object_component id="oc-187">
         <name>.text:_SysCtlFrequencyGet</name>
         <load_address>0x3050</load_address>
         <run_address>0x3050</run_address>
         <size>0x48</size>
         <input_file_ref idref="fl-e"/>
      </object_component>
      <object_component id="oc-147">
         <name>.text:exit</name>
         <load_address>0x3098</load_address>
         <run_address>0x3098</run_address>
         <size>0x48</size>
         <input_file_ref idref="fl-de"/>
      </object_component>
      <object_component id="oc-31e">
         <name>.text</name>
         <load_address>0x30e0</load_address>
         <run_address>0x30e0</run_address>
         <size>0x48</size>
         <input_file_ref idref="fl-d6"/>
      </object_component>
      <object_component id="oc-478">
         <name>.text:HOSTclose</name>
         <load_address>0x3128</load_address>
         <run_address>0x3128</run_address>
         <size>0x44</size>
         <input_file_ref idref="fl-f7"/>
      </object_component>
      <object_component id="oc-490">
         <name>.text:HOSTunlink</name>
         <load_address>0x316c</load_address>
         <run_address>0x316c</run_address>
         <size>0x44</size>
         <input_file_ref idref="fl-fc"/>
      </object_component>
      <object_component id="oc-14d">
         <name>.text:__TI_auto_init_nobinit_nopinit:__TI_auto_init_nobinit_nopinit</name>
         <load_address>0x31b0</load_address>
         <run_address>0x31b0</run_address>
         <size>0x44</size>
         <input_file_ref idref="fl-f3"/>
      </object_component>
      <object_component id="oc-4e6">
         <name>.text:getdevice</name>
         <load_address>0x31f4</load_address>
         <run_address>0x31f4</run_address>
         <size>0x44</size>
         <input_file_ref idref="fl-102"/>
      </object_component>
      <object_component id="oc-f4">
         <name>.text:init_ports_display</name>
         <load_address>0x3238</load_address>
         <run_address>0x3238</run_address>
         <size>0x44</size>
         <input_file_ref idref="fl-5"/>
      </object_component>
      <object_component id="oc-346">
         <name>.text:_fcpy</name>
         <load_address>0x327c</load_address>
         <run_address>0x327c</run_address>
         <size>0x3e</size>
         <input_file_ref idref="fl-c7"/>
      </object_component>
      <object_component id="oc-19e">
         <name>.text:SysCtlPeripheralReady</name>
         <load_address>0x32bc</load_address>
         <run_address>0x32bc</run_address>
         <size>0x38</size>
         <input_file_ref idref="fl-e"/>
      </object_component>
      <object_component id="oc-4bf">
         <name>.text:__TI_writemsg</name>
         <load_address>0x32f4</load_address>
         <run_address>0x32f4</run_address>
         <size>0x38</size>
         <input_file_ref idref="fl-fe"/>
      </object_component>
      <object_component id="oc-12d">
         <name>.text</name>
         <load_address>0x332c</load_address>
         <run_address>0x332c</run_address>
         <size>0x38</size>
         <input_file_ref idref="fl-d8"/>
      </object_component>
      <object_component id="oc-508">
         <name>.text:strncpy</name>
         <load_address>0x3364</load_address>
         <run_address>0x3364</run_address>
         <size>0x36</size>
         <input_file_ref idref="fl-105"/>
      </object_component>
      <object_component id="oc-198">
         <name>.text:SysCtlPeripheralEnable</name>
         <load_address>0x339c</load_address>
         <run_address>0x339c</run_address>
         <size>0x34</size>
         <input_file_ref idref="fl-e"/>
      </object_component>
      <object_component id="oc-429">
         <name>.text:__TI_cleanup</name>
         <load_address>0x33d0</load_address>
         <run_address>0x33d0</run_address>
         <size>0x34</size>
         <input_file_ref idref="fl-f0"/>
      </object_component>
      <object_component id="oc-4c5">
         <name>.text:__TI_readmsg</name>
         <load_address>0x3404</load_address>
         <run_address>0x3404</run_address>
         <size>0x34</size>
         <input_file_ref idref="fl-fe"/>
      </object_component>
      <object_component id="oc-6c">
         <name>.text:_c_int00_noargs:_c_int00_noargs</name>
         <load_address>0x3438</load_address>
         <run_address>0x3438</run_address>
         <size>0x34</size>
         <input_file_ref idref="fl-eb"/>
      </object_component>
      <object_component id="oc-50e">
         <name>.text:finddevice</name>
         <load_address>0x346c</load_address>
         <run_address>0x346c</run_address>
         <size>0x30</size>
         <input_file_ref idref="fl-102"/>
      </object_component>
      <object_component id="oc-329">
         <name>.text</name>
         <load_address>0x349c</load_address>
         <run_address>0x349c</run_address>
         <size>0x2e</size>
         <input_file_ref idref="fl-d9"/>
      </object_component>
      <object_component id="oc-253">
         <name>.text:GPIODirModeSet</name>
         <load_address>0x34ca</load_address>
         <run_address>0x34ca</run_address>
         <size>0x2c</size>
         <input_file_ref idref="fl-c"/>
      </object_component>
      <object_component id="oc-4b4">
         <name>.text:unlink</name>
         <load_address>0x34f8</load_address>
         <run_address>0x34f8</run_address>
         <size>0x2c</size>
         <input_file_ref idref="fl-108"/>
      </object_component>
      <object_component id="oc-458">
         <name>.text:free_list_insert</name>
         <load_address>0x3524</load_address>
         <run_address>0x3524</run_address>
         <size>0x28</size>
         <input_file_ref idref="fl-e6"/>
      </object_component>
      <object_component id="oc-415">
         <name>.text:lseek</name>
         <load_address>0x354c</load_address>
         <run_address>0x354c</run_address>
         <size>0x28</size>
         <input_file_ref idref="fl-100"/>
      </object_component>
      <object_component id="oc-397">
         <name>.text:write</name>
         <load_address>0x3574</load_address>
         <run_address>0x3574</run_address>
         <size>0x28</size>
         <input_file_ref idref="fl-e9"/>
      </object_component>
      <object_component id="oc-11f">
         <name>.text:write_command</name>
         <load_address>0x359c</load_address>
         <run_address>0x359c</run_address>
         <size>0x28</size>
         <input_file_ref idref="fl-5"/>
      </object_component>
      <object_component id="oc-126">
         <name>.text:write_data</name>
         <load_address>0x35c4</load_address>
         <run_address>0x35c4</run_address>
         <size>0x28</size>
         <input_file_ref idref="fl-5"/>
      </object_component>
      <object_component id="oc-181">
         <name>.text:_SysCtlMemTimingGet</name>
         <load_address>0x35ec</load_address>
         <run_address>0x35ec</run_address>
         <size>0x20</size>
         <input_file_ref idref="fl-e"/>
      </object_component>
      <object_component id="oc-38b">
         <name>.text:memchr</name>
         <load_address>0x360c</load_address>
         <run_address>0x360c</run_address>
         <size>0x20</size>
         <input_file_ref idref="fl-e5"/>
      </object_component>
      <object_component id="oc-5a">
         <name>.text:decompress:ZI:__TI_zero_init_nomemset:__TI_zero_init_nomemset</name>
         <load_address>0x362c</load_address>
         <run_address>0x362c</run_address>
         <size>0x1c</size>
         <input_file_ref idref="fl-db"/>
      </object_component>
      <object_component id="oc-452">
         <name>.text:free_list_remove</name>
         <load_address>0x3648</load_address>
         <run_address>0x3648</run_address>
         <size>0x1c</size>
         <input_file_ref idref="fl-e6"/>
      </object_component>
      <object_component id="oc-29b">
         <name>.text:memccpy</name>
         <load_address>0x3664</load_address>
         <run_address>0x3664</run_address>
         <size>0x1c</size>
         <input_file_ref idref="fl-e4"/>
      </object_component>
      <object_component id="oc-1a4">
         <name>.text:GPIOPinTypeGPIOOutput</name>
         <load_address>0x3680</load_address>
         <run_address>0x3680</run_address>
         <size>0x1a</size>
         <input_file_ref idref="fl-c"/>
      </object_component>
      <object_component id="oc-3cd">
         <name>.text:copysign</name>
         <load_address>0x369a</load_address>
         <run_address>0x369a</run_address>
         <size>0x1a</size>
         <input_file_ref idref="fl-ee"/>
      </object_component>
      <object_component id="oc-525">
         <name>.text:strcmp</name>
         <load_address>0x36b4</load_address>
         <run_address>0x36b4</run_address>
         <size>0x18</size>
         <input_file_ref idref="fl-103"/>
      </object_component>
      <object_component id="oc-1ad">
         <name>.text:GPIOPinTypeADC</name>
         <load_address>0x36cc</load_address>
         <run_address>0x36cc</run_address>
         <size>0x16</size>
         <input_file_ref idref="fl-c"/>
      </object_component>
      <object_component id="oc-35a">
         <name>.text:strchr</name>
         <load_address>0x36e2</load_address>
         <run_address>0x36e2</run_address>
         <size>0x16</size>
         <input_file_ref idref="fl-e7"/>
      </object_component>
      <object_component id="oc-4d9">
         <name>.text:strcpy</name>
         <load_address>0x36f8</load_address>
         <run_address>0x36f8</run_address>
         <size>0x14</size>
         <input_file_ref idref="fl-104"/>
      </object_component>
      <object_component id="oc-26c">
         <name>.text:strlen</name>
         <load_address>0x370c</load_address>
         <run_address>0x370c</run_address>
         <size>0x14</size>
         <input_file_ref idref="fl-e8"/>
      </object_component>
      <object_component id="oc-1d2">
         <name>.text:TimerLoadSet</name>
         <load_address>0x3720</load_address>
         <run_address>0x3720</run_address>
         <size>0x12</size>
         <input_file_ref idref="fl-f"/>
      </object_component>
      <object_component id="oc-2a1">
         <name>.text:wcslen</name>
         <load_address>0x3732</load_address>
         <run_address>0x3732</run_address>
         <size>0x12</size>
         <input_file_ref idref="fl-ed"/>
      </object_component>
      <object_component id="oc-10c">
         <name>.text:IntMasterEnable</name>
         <load_address>0x3744</load_address>
         <run_address>0x3744</run_address>
         <size>0x10</size>
         <input_file_ref idref="fl-d"/>
      </object_component>
      <object_component id="oc-1bf">
         <name>.text:ADCSequenceEnable</name>
         <load_address>0x3754</load_address>
         <run_address>0x3754</run_address>
         <size>0xe</size>
         <input_file_ref idref="fl-b"/>
      </object_component>
      <object_component id="oc-1e4">
         <name>.text:TimerEnable</name>
         <load_address>0x3762</load_address>
         <run_address>0x3762</run_address>
         <size>0xe</size>
         <input_file_ref idref="fl-f"/>
      </object_component>
      <object_component id="oc-19">
         <name>.text:decompress:none:__TI_decompress_none</name>
         <load_address>0x3770</load_address>
         <run_address>0x3770</run_address>
         <size>0xe</size>
         <input_file_ref idref="fl-dc"/>
      </object_component>
      <object_component id="oc-1eb">
         <name>.text:CPUcpsie</name>
         <load_address>0x377e</load_address>
         <run_address>0x377e</run_address>
         <size>0xc</size>
         <input_file_ref idref="fl-10"/>
      </object_component>
      <object_component id="oc-1c5">
         <name>.text:ADCIntClear</name>
         <load_address>0x378a</load_address>
         <run_address>0x378a</run_address>
         <size>0xa</size>
         <input_file_ref idref="fl-b"/>
      </object_component>
      <object_component id="oc-1d8">
         <name>.text:TimerIntEnable</name>
         <load_address>0x3794</load_address>
         <run_address>0x3794</run_address>
         <size>0x8</size>
         <input_file_ref idref="fl-f"/>
      </object_component>
      <object_component id="oc-2a7">
         <name>.text:__aeabi_errno_addr</name>
         <load_address>0x379c</load_address>
         <run_address>0x379c</run_address>
         <size>0x8</size>
         <input_file_ref idref="fl-ec"/>
      </object_component>
      <object_component id="oc-423">
         <name>.text:malloc</name>
         <load_address>0x37a4</load_address>
         <run_address>0x37a4</run_address>
         <size>0x8</size>
         <input_file_ref idref="fl-e6"/>
      </object_component>
      <object_component id="oc-28">
         <name>.text:ResetISR</name>
         <load_address>0x37ac</load_address>
         <run_address>0x37ac</run_address>
         <size>0x6</size>
         <input_file_ref idref="fl-3"/>
      </object_component>
      <object_component id="oc-1ab">
         <name>.text:SysCtlDelay</name>
         <load_address>0x37b2</load_address>
         <run_address>0x37b2</run_address>
         <size>0x6</size>
         <input_file_ref idref="fl-e"/>
      </object_component>
      <object_component id="oc-204">
         <name>.text:_outc</name>
         <load_address>0x37b8</load_address>
         <run_address>0x37b8</run_address>
         <size>0x4</size>
         <input_file_ref idref="fl-c6"/>
      </object_component>
      <object_component id="oc-1fe">
         <name>.text:_outs</name>
         <load_address>0x37bc</load_address>
         <run_address>0x37bc</run_address>
         <size>0x4</size>
         <input_file_ref idref="fl-c6"/>
      </object_component>
      <object_component id="oc-af">
         <name>.text:_system_pre_init</name>
         <load_address>0x37c0</load_address>
         <run_address>0x37c0</run_address>
         <size>0x4</size>
         <input_file_ref idref="fl-f4"/>
      </object_component>
      <object_component id="oc-141">
         <name>.text:abort:abort</name>
         <load_address>0x37c4</load_address>
         <run_address>0x37c4</run_address>
         <size>0x4</size>
         <input_file_ref idref="fl-de"/>
      </object_component>
      <object_component id="oc-190">
         <name>.const:g_pppui32XTALtoVCO</name>
         <load_address>0x37c8</load_address>
         <run_address>0x37c8</run_address>
         <size>0x1b0</size>
         <input_file_ref idref="fl-e"/>
      </object_component>
      <object_component id="oc-303">
         <name>.const:.string:_ctypes_</name>
         <load_address>0x3978</load_address>
         <run_address>0x3978</run_address>
         <size>0x101</size>
         <input_file_ref idref="fl-e1"/>
      </object_component>
      <object_component id="oc-18d">
         <name>.const:g_pui32Xtals</name>
         <load_address>0x3a7c</load_address>
         <run_address>0x3a7c</run_address>
         <size>0x6c</size>
         <input_file_ref idref="fl-e"/>
      </object_component>
      <object_component id="oc-235">
         <name>.const:g_sXTALtoMEMTIM</name>
         <load_address>0x3ae8</load_address>
         <run_address>0x3ae8</run_address>
         <size>0x30</size>
         <input_file_ref idref="fl-e"/>
      </object_component>
      <object_component id="oc-265">
         <name>.const:g_pui32EnRegs</name>
         <load_address>0x3b18</load_address>
         <run_address>0x3b18</run_address>
         <size>0x14</size>
         <input_file_ref idref="fl-d"/>
      </object_component>
      <object_component id="oc-193">
         <name>.const:g_pui32VCOFrequencies</name>
         <load_address>0x3b2c</load_address>
         <run_address>0x3b2c</run_address>
         <size>0x8</size>
         <input_file_ref idref="fl-e"/>
      </object_component>
      <object_component id="oc-561">
         <name>.cinit..data.load</name>
         <load_address>0x3b38</load_address>
         <run_address>0x3b38</run_address>
         <size>0x77</size>
      </object_component>
      <object_component id="oc-55f">
         <name>__TI_handler_table</name>
         <load_address>0x3bb0</load_address>
         <run_address>0x3bb0</run_address>
         <size>0xc</size>
      </object_component>
      <object_component id="oc-562">
         <name>.cinit..bss.load</name>
         <load_address>0x3bc0</load_address>
         <run_address>0x3bc0</run_address>
         <size>0x8</size>
      </object_component>
      <object_component id="oc-560">
         <name>__TI_cinit_table</name>
         <load_address>0x3bc8</load_address>
         <run_address>0x3bc8</run_address>
         <size>0x10</size>
      </object_component>
      <object_component id="oc-135">
         <name>.data</name>
         <load_address>0x20004600</load_address>
         <run_address>0x20004600</run_address>
         <size>0x4</size>
         <input_file_ref idref="fl-2"/>
      </object_component>
      <object_component id="oc-138">
         <name>.data:colorarray</name>
         <load_address>0x200045b8</load_address>
         <run_address>0x200045b8</run_address>
         <size>0x1c</size>
         <input_file_ref idref="fl-5"/>
      </object_component>
      <object_component id="oc-219">
         <name>.data:$O1$$</name>
         <load_address>0x200045e4</load_address>
         <run_address>0x200045e4</run_address>
         <size>0xc</size>
         <input_file_ref idref="fl-de"/>
      </object_component>
      <object_component id="oc-1f8">
         <name>.data:$O1$$</name>
         <load_address>0x200045f0</load_address>
         <run_address>0x200045f0</run_address>
         <size>0x8</size>
         <input_file_ref idref="fl-df"/>
      </object_component>
      <object_component id="oc-1fb">
         <name>.data:_ftable</name>
         <load_address>0x20004400</load_address>
         <run_address>0x20004400</run_address>
         <size>0xf0</size>
         <input_file_ref idref="fl-e2"/>
      </object_component>
      <object_component id="oc-46c">
         <name>.data</name>
         <load_address>0x200045d4</load_address>
         <run_address>0x200045d4</run_address>
         <size>0x10</size>
         <input_file_ref idref="fl-e2"/>
      </object_component>
      <object_component id="oc-4a2">
         <name>.data:$O1$$</name>
         <load_address>0x200045f8</load_address>
         <run_address>0x200045f8</run_address>
         <size>0x8</size>
         <input_file_ref idref="fl-e6"/>
      </object_component>
      <object_component id="oc-43c">
         <name>.data:_device</name>
         <load_address>0x200044f0</load_address>
         <run_address>0x200044f0</run_address>
         <size>0x78</size>
         <input_file_ref idref="fl-ea"/>
      </object_component>
      <object_component id="oc-3fb">
         <name>.data:_stream</name>
         <load_address>0x20004568</load_address>
         <run_address>0x20004568</run_address>
         <size>0x50</size>
         <input_file_ref idref="fl-ea"/>
      </object_component>
      <object_component id="oc-36a">
         <name>.data</name>
         <load_address>0x20004604</load_address>
         <run_address>0x20004604</run_address>
         <size>0x4</size>
         <input_file_ref idref="fl-ec"/>
      </object_component>
      <object_component id="oc-4f0">
         <name>.bss:_CIOBUF_</name>
         <uninitialized>true</uninitialized>
         <run_address>0x20004608</run_address>
         <size>0x120</size>
         <input_file_ref idref="fl-fe"/>
      </object_component>
      <object_component id="oc-132">
         <name>.common:sysClock</name>
         <uninitialized>true</uninitialized>
         <run_address>0x200047d0</run_address>
         <size>0x4</size>
      </object_component>
      <object_component id="oc-4ba">
         <name>.common:__TI_tmpnams</name>
         <uninitialized>true</uninitialized>
         <run_address>0x20004728</run_address>
         <size>0xa0</size>
      </object_component>
      <object_component id="oc-4cb">
         <name>.common:parmbuf</name>
         <uninitialized>true</uninitialized>
         <run_address>0x200047c8</run_address>
         <size>0x8</size>
      </object_component>
      <object_component id="oc-22">
         <name>.sysmem</name>
         <uninitialized>true</uninitialized>
         <run_address>0x20004000</run_address>
         <size>0x10</size>
         <input_file_ref idref="fl-e6"/>
      </object_component>
      <object_component id="oc-564">
         <name>.sysmem</name>
         <uninitialized>true</uninitialized>
         <run_address>0x20004000</run_address>
         <size>0x0</size>
      </object_component>
      <object_component id="oc-25">
         <name>.stack</name>
         <uninitialized>true</uninitialized>
         <run_address>0x20000000</run_address>
         <size>0x4</size>
         <input_file_ref idref="fl-eb"/>
      </object_component>
      <object_component id="oc-563">
         <name>.stack</name>
         <uninitialized>true</uninitialized>
         <run_address>0x20000000</run_address>
         <size>0x0</size>
      </object_component>
      <object_component id="oc-dd">
         <name>.debug_info</name>
         <load_address>0x0</load_address>
         <run_address>0x0</run_address>
         <size>0x636</size>
         <input_file_ref idref="fl-2"/>
      </object_component>
      <object_component id="oc-136">
         <name>.debug_info</name>
         <load_address>0x636</load_address>
         <run_address>0x636</run_address>
         <size>0xe1</size>
         <input_file_ref idref="fl-2"/>
      </object_component>
      <object_component id="oc-108">
         <name>.debug_info</name>
         <load_address>0x717</load_address>
         <run_address>0x717</run_address>
         <size>0x1f4</size>
         <input_file_ref idref="fl-2"/>
      </object_component>
      <object_component id="oc-b7">
         <name>.debug_info</name>
         <load_address>0x90b</load_address>
         <run_address>0x90b</run_address>
         <size>0x2c7</size>
         <input_file_ref idref="fl-2"/>
      </object_component>
      <object_component id="oc-8a">
         <name>.debug_info</name>
         <load_address>0xbd2</load_address>
         <run_address>0xbd2</run_address>
         <size>0x26b</size>
         <input_file_ref idref="fl-2"/>
      </object_component>
      <object_component id="oc-d8">
         <name>.debug_info</name>
         <load_address>0xe3d</load_address>
         <run_address>0xe3d</run_address>
         <size>0x8b</size>
         <input_file_ref idref="fl-2"/>
      </object_component>
      <object_component id="oc-d3">
         <name>.debug_info</name>
         <load_address>0xec8</load_address>
         <run_address>0xec8</run_address>
         <size>0x297</size>
         <input_file_ref idref="fl-2"/>
      </object_component>
      <object_component id="oc-23a">
         <name>.debug_info</name>
         <load_address>0x115f</load_address>
         <run_address>0x115f</run_address>
         <size>0xef</size>
         <input_file_ref idref="fl-2"/>
      </object_component>
      <object_component id="oc-8f">
         <name>.debug_info</name>
         <load_address>0x124e</load_address>
         <run_address>0x124e</run_address>
         <size>0xbb</size>
         <input_file_ref idref="fl-2"/>
      </object_component>
      <object_component id="oc-20c">
         <name>.debug_info</name>
         <load_address>0x1309</load_address>
         <run_address>0x1309</run_address>
         <size>0x2c</size>
         <input_file_ref idref="fl-2"/>
      </object_component>
      <object_component id="oc-13c">
         <name>.debug_info</name>
         <load_address>0x1335</load_address>
         <run_address>0x1335</run_address>
         <size>0x79</size>
         <input_file_ref idref="fl-2"/>
      </object_component>
      <object_component id="oc-42">
         <name>.debug_info</name>
         <load_address>0x13ae</load_address>
         <run_address>0x13ae</run_address>
         <size>0x2a3</size>
         <input_file_ref idref="fl-3"/>
      </object_component>
      <object_component id="oc-11">
         <name>.debug_info</name>
         <load_address>0x1651</load_address>
         <run_address>0x1651</run_address>
         <size>0xe2</size>
         <input_file_ref idref="fl-3"/>
      </object_component>
      <object_component id="oc-2b">
         <name>.debug_info</name>
         <load_address>0x1733</load_address>
         <run_address>0x1733</run_address>
         <size>0x112</size>
         <input_file_ref idref="fl-3"/>
      </object_component>
      <object_component id="oc-2f">
         <name>.debug_info</name>
         <load_address>0x1845</load_address>
         <run_address>0x1845</run_address>
         <size>0x100</size>
         <input_file_ref idref="fl-3"/>
      </object_component>
      <object_component id="oc-35">
         <name>.debug_info</name>
         <load_address>0x1945</load_address>
         <run_address>0x1945</run_address>
         <size>0x106</size>
         <input_file_ref idref="fl-3"/>
      </object_component>
      <object_component id="oc-3d">
         <name>.debug_info</name>
         <load_address>0x1a4b</load_address>
         <run_address>0x1a4b</run_address>
         <size>0x11b</size>
         <input_file_ref idref="fl-3"/>
      </object_component>
      <object_component id="oc-49">
         <name>.debug_info</name>
         <load_address>0x1b66</load_address>
         <run_address>0x1b66</run_address>
         <size>0x84</size>
         <input_file_ref idref="fl-3"/>
      </object_component>
      <object_component id="oc-101">
         <name>.debug_info</name>
         <load_address>0x1bea</load_address>
         <run_address>0x1bea</run_address>
         <size>0x247</size>
         <input_file_ref idref="fl-4"/>
      </object_component>
      <object_component id="oc-133">
         <name>.debug_info</name>
         <load_address>0x1e31</load_address>
         <run_address>0x1e31</run_address>
         <size>0x382</size>
         <input_file_ref idref="fl-5"/>
      </object_component>
      <object_component id="oc-139">
         <name>.debug_info</name>
         <load_address>0x21b3</load_address>
         <run_address>0x21b3</run_address>
         <size>0xe2</size>
         <input_file_ref idref="fl-5"/>
      </object_component>
      <object_component id="oc-120">
         <name>.debug_info</name>
         <load_address>0x2295</load_address>
         <run_address>0x2295</run_address>
         <size>0x157</size>
         <input_file_ref idref="fl-5"/>
      </object_component>
      <object_component id="oc-127">
         <name>.debug_info</name>
         <load_address>0x23ec</load_address>
         <run_address>0x23ec</run_address>
         <size>0x145</size>
         <input_file_ref idref="fl-5"/>
      </object_component>
      <object_component id="oc-119">
         <name>.debug_info</name>
         <load_address>0x2531</load_address>
         <run_address>0x2531</run_address>
         <size>0x26e</size>
         <input_file_ref idref="fl-5"/>
      </object_component>
      <object_component id="oc-f5">
         <name>.debug_info</name>
         <load_address>0x279f</load_address>
         <run_address>0x279f</run_address>
         <size>0x1dc</size>
         <input_file_ref idref="fl-5"/>
      </object_component>
      <object_component id="oc-fb">
         <name>.debug_info</name>
         <load_address>0x297b</load_address>
         <run_address>0x297b</run_address>
         <size>0x4ce</size>
         <input_file_ref idref="fl-5"/>
      </object_component>
      <object_component id="oc-25d">
         <name>.debug_info</name>
         <load_address>0x2e49</load_address>
         <run_address>0x2e49</run_address>
         <size>0x3ba</size>
         <input_file_ref idref="fl-b"/>
      </object_component>
      <object_component id="oc-1bc">
         <name>.debug_info</name>
         <load_address>0x3203</load_address>
         <run_address>0x3203</run_address>
         <size>0x33c</size>
         <input_file_ref idref="fl-b"/>
      </object_component>
      <object_component id="oc-1c2">
         <name>.debug_info</name>
         <load_address>0x353f</load_address>
         <run_address>0x353f</run_address>
         <size>0x2a9</size>
         <input_file_ref idref="fl-b"/>
      </object_component>
      <object_component id="oc-1b6">
         <name>.debug_info</name>
         <load_address>0x37e8</load_address>
         <run_address>0x37e8</run_address>
         <size>0x32f</size>
         <input_file_ref idref="fl-b"/>
      </object_component>
      <object_component id="oc-1c8">
         <name>.debug_info</name>
         <load_address>0x3b17</load_address>
         <run_address>0x3b17</run_address>
         <size>0x29d</size>
         <input_file_ref idref="fl-b"/>
      </object_component>
      <object_component id="oc-25a">
         <name>.debug_info</name>
         <load_address>0x3db4</load_address>
         <run_address>0x3db4</run_address>
         <size>0x3e4</size>
         <input_file_ref idref="fl-c"/>
      </object_component>
      <object_component id="oc-255">
         <name>.debug_info</name>
         <load_address>0x4198</load_address>
         <run_address>0x4198</run_address>
         <size>0x2bc</size>
         <input_file_ref idref="fl-c"/>
      </object_component>
      <object_component id="oc-24f">
         <name>.debug_info</name>
         <load_address>0x4454</load_address>
         <run_address>0x4454</run_address>
         <size>0x31f</size>
         <input_file_ref idref="fl-c"/>
      </object_component>
      <object_component id="oc-1a5">
         <name>.debug_info</name>
         <load_address>0x4773</load_address>
         <run_address>0x4773</run_address>
         <size>0x2c0</size>
         <input_file_ref idref="fl-c"/>
      </object_component>
      <object_component id="oc-1ae">
         <name>.debug_info</name>
         <load_address>0x4a33</load_address>
         <run_address>0x4a33</run_address>
         <size>0x299</size>
         <input_file_ref idref="fl-c"/>
      </object_component>
      <object_component id="oc-269">
         <name>.debug_info</name>
         <load_address>0x4ccc</load_address>
         <run_address>0x4ccc</run_address>
         <size>0x3b7</size>
         <input_file_ref idref="fl-d"/>
      </object_component>
      <object_component id="oc-266">
         <name>.debug_info</name>
         <load_address>0x5083</load_address>
         <run_address>0x5083</run_address>
         <size>0x15b</size>
         <input_file_ref idref="fl-d"/>
      </object_component>
      <object_component id="oc-10f">
         <name>.debug_info</name>
         <load_address>0x51de</load_address>
         <run_address>0x51de</run_address>
         <size>0x247</size>
         <input_file_ref idref="fl-d"/>
      </object_component>
      <object_component id="oc-1e0">
         <name>.debug_info</name>
         <load_address>0x5425</load_address>
         <run_address>0x5425</run_address>
         <size>0x271</size>
         <input_file_ref idref="fl-d"/>
      </object_component>
      <object_component id="oc-197">
         <name>.debug_info</name>
         <load_address>0x5696</load_address>
         <run_address>0x5696</run_address>
         <size>0x441</size>
         <input_file_ref idref="fl-e"/>
      </object_component>
      <object_component id="oc-18e">
         <name>.debug_info</name>
         <load_address>0x5ad7</load_address>
         <run_address>0x5ad7</run_address>
         <size>0x156</size>
         <input_file_ref idref="fl-e"/>
      </object_component>
      <object_component id="oc-191">
         <name>.debug_info</name>
         <load_address>0x5c2d</load_address>
         <run_address>0x5c2d</run_address>
         <size>0x162</size>
         <input_file_ref idref="fl-e"/>
      </object_component>
      <object_component id="oc-236">
         <name>.debug_info</name>
         <load_address>0x5d8f</load_address>
         <run_address>0x5d8f</run_address>
         <size>0x15c</size>
         <input_file_ref idref="fl-e"/>
      </object_component>
      <object_component id="oc-194">
         <name>.debug_info</name>
         <load_address>0x5eeb</load_address>
         <run_address>0x5eeb</run_address>
         <size>0x169</size>
         <input_file_ref idref="fl-e"/>
      </object_component>
      <object_component id="oc-19f">
         <name>.debug_info</name>
         <load_address>0x6054</load_address>
         <run_address>0x6054</run_address>
         <size>0x288</size>
         <input_file_ref idref="fl-e"/>
      </object_component>
      <object_component id="oc-199">
         <name>.debug_info</name>
         <load_address>0x62dc</load_address>
         <run_address>0x62dc</run_address>
         <size>0x286</size>
         <input_file_ref idref="fl-e"/>
      </object_component>
      <object_component id="oc-183">
         <name>.debug_info</name>
         <load_address>0x6562</load_address>
         <run_address>0x6562</run_address>
         <size>0x279</size>
         <input_file_ref idref="fl-e"/>
      </object_component>
      <object_component id="oc-189">
         <name>.debug_info</name>
         <load_address>0x67db</load_address>
         <run_address>0x67db</run_address>
         <size>0x2c3</size>
         <input_file_ref idref="fl-e"/>
      </object_component>
      <object_component id="oc-f0">
         <name>.debug_info</name>
         <load_address>0x6a9e</load_address>
         <run_address>0x6a9e</run_address>
         <size>0x4a3</size>
         <input_file_ref idref="fl-e"/>
      </object_component>
      <object_component id="oc-247">
         <name>.debug_info</name>
         <load_address>0x6f41</load_address>
         <run_address>0x6f41</run_address>
         <size>0x51</size>
         <input_file_ref idref="fl-e"/>
      </object_component>
      <object_component id="oc-262">
         <name>.debug_info</name>
         <load_address>0x6f92</load_address>
         <run_address>0x6f92</run_address>
         <size>0x3c7</size>
         <input_file_ref idref="fl-f"/>
      </object_component>
      <object_component id="oc-1d6">
         <name>.debug_info</name>
         <load_address>0x7359</load_address>
         <run_address>0x7359</run_address>
         <size>0x2c3</size>
         <input_file_ref idref="fl-f"/>
      </object_component>
      <object_component id="oc-1d9">
         <name>.debug_info</name>
         <load_address>0x761c</load_address>
         <run_address>0x761c</run_address>
         <size>0x29d</size>
         <input_file_ref idref="fl-f"/>
      </object_component>
      <object_component id="oc-1e5">
         <name>.debug_info</name>
         <load_address>0x78b9</load_address>
         <run_address>0x78b9</run_address>
         <size>0x288</size>
         <input_file_ref idref="fl-f"/>
      </object_component>
      <object_component id="oc-1ce">
         <name>.debug_info</name>
         <load_address>0x7b41</load_address>
         <run_address>0x7b41</run_address>
         <size>0x295</size>
         <input_file_ref idref="fl-f"/>
      </object_component>
      <object_component id="oc-1ed">
         <name>.debug_info</name>
         <load_address>0x7dd6</load_address>
         <run_address>0x7dd6</run_address>
         <size>0x21b</size>
         <input_file_ref idref="fl-10"/>
      </object_component>
      <object_component id="oc-20b">
         <name>.debug_info</name>
         <load_address>0x7ff1</load_address>
         <run_address>0x7ff1</run_address>
         <size>0x3e6</size>
         <input_file_ref idref="fl-c6"/>
      </object_component>
      <object_component id="oc-207">
         <name>.debug_info</name>
         <load_address>0x83d7</load_address>
         <run_address>0x83d7</run_address>
         <size>0x158</size>
         <input_file_ref idref="fl-c6"/>
      </object_component>
      <object_component id="oc-1ff">
         <name>.debug_info</name>
         <load_address>0x852f</load_address>
         <run_address>0x852f</run_address>
         <size>0x167</size>
         <input_file_ref idref="fl-c6"/>
      </object_component>
      <object_component id="oc-115">
         <name>.debug_info</name>
         <load_address>0x8696</load_address>
         <run_address>0x8696</run_address>
         <size>0x1ad</size>
         <input_file_ref idref="fl-c6"/>
      </object_component>
      <object_component id="oc-2d7">
         <name>.debug_info</name>
         <load_address>0x8843</load_address>
         <run_address>0x8843</run_address>
         <size>0xb2</size>
         <input_file_ref idref="fl-c6"/>
      </object_component>
      <object_component id="oc-2ae">
         <name>.debug_info</name>
         <load_address>0x88f5</load_address>
         <run_address>0x88f5</run_address>
         <size>0x57c</size>
         <input_file_ref idref="fl-c7"/>
      </object_component>
      <object_component id="oc-27a">
         <name>.debug_info</name>
         <load_address>0x8e71</load_address>
         <run_address>0x8e71</run_address>
         <size>0x21f</size>
         <input_file_ref idref="fl-c7"/>
      </object_component>
      <object_component id="oc-335">
         <name>.debug_info</name>
         <load_address>0x9090</load_address>
         <run_address>0x9090</run_address>
         <size>0x1b4</size>
         <input_file_ref idref="fl-c7"/>
      </object_component>
      <object_component id="oc-33b">
         <name>.debug_info</name>
         <load_address>0x9244</load_address>
         <run_address>0x9244</run_address>
         <size>0x21c</size>
         <input_file_ref idref="fl-c7"/>
      </object_component>
      <object_component id="oc-285">
         <name>.debug_info</name>
         <load_address>0x9460</load_address>
         <run_address>0x9460</run_address>
         <size>0x3bc</size>
         <input_file_ref idref="fl-c7"/>
      </object_component>
      <object_component id="oc-342">
         <name>.debug_info</name>
         <load_address>0x981c</load_address>
         <run_address>0x981c</run_address>
         <size>0x306</size>
         <input_file_ref idref="fl-c7"/>
      </object_component>
      <object_component id="oc-348">
         <name>.debug_info</name>
         <load_address>0x9b22</load_address>
         <run_address>0x9b22</run_address>
         <size>0x216</size>
         <input_file_ref idref="fl-c7"/>
      </object_component>
      <object_component id="oc-28b">
         <name>.debug_info</name>
         <load_address>0x9d38</load_address>
         <run_address>0x9d38</run_address>
         <size>0x216</size>
         <input_file_ref idref="fl-c7"/>
      </object_component>
      <object_component id="oc-291">
         <name>.debug_info</name>
         <load_address>0x9f4e</load_address>
         <run_address>0x9f4e</run_address>
         <size>0x305</size>
         <input_file_ref idref="fl-c7"/>
      </object_component>
      <object_component id="oc-297">
         <name>.debug_info</name>
         <load_address>0xa253</load_address>
         <run_address>0xa253</run_address>
         <size>0x4b1</size>
         <input_file_ref idref="fl-c7"/>
      </object_component>
      <object_component id="oc-1f4">
         <name>.debug_info</name>
         <load_address>0xa704</load_address>
         <run_address>0xa704</run_address>
         <size>0x5f5</size>
         <input_file_ref idref="fl-c7"/>
      </object_component>
      <object_component id="oc-2af">
         <name>.debug_info</name>
         <load_address>0xacf9</load_address>
         <run_address>0xacf9</run_address>
         <size>0x86</size>
         <input_file_ref idref="fl-c7"/>
      </object_component>
      <object_component id="oc-376">
         <name>.debug_info</name>
         <load_address>0xad7f</load_address>
         <run_address>0xad7f</run_address>
         <size>0x39</size>
         <input_file_ref idref="fl-c7"/>
      </object_component>
      <object_component id="oc-3e4">
         <name>.debug_info</name>
         <load_address>0xadb8</load_address>
         <run_address>0xadb8</run_address>
         <size>0xb6</size>
         <input_file_ref idref="fl-c7"/>
      </object_component>
      <object_component id="oc-37b">
         <name>.debug_info</name>
         <load_address>0xae6e</load_address>
         <run_address>0xae6e</run_address>
         <size>0x46</size>
         <input_file_ref idref="fl-c7"/>
      </object_component>
      <object_component id="oc-2b4">
         <name>.debug_info</name>
         <load_address>0xaeb4</load_address>
         <run_address>0xaeb4</run_address>
         <size>0x46</size>
         <input_file_ref idref="fl-c7"/>
      </object_component>
      <object_component id="oc-371">
         <name>.debug_info</name>
         <load_address>0xaefa</load_address>
         <run_address>0xaefa</run_address>
         <size>0x2c</size>
         <input_file_ref idref="fl-c7"/>
      </object_component>
      <object_component id="oc-3a0">
         <name>.debug_info</name>
         <load_address>0xaf26</load_address>
         <run_address>0xaf26</run_address>
         <size>0x384</size>
         <input_file_ref idref="fl-c8"/>
      </object_component>
      <object_component id="oc-2cf">
         <name>.debug_info</name>
         <load_address>0xb2aa</load_address>
         <run_address>0xb2aa</run_address>
         <size>0x1eb</size>
         <input_file_ref idref="fl-c8"/>
      </object_component>
      <object_component id="oc-39e">
         <name>.debug_info</name>
         <load_address>0xb495</load_address>
         <run_address>0xb495</run_address>
         <size>0x3fd</size>
         <input_file_ref idref="fl-c9"/>
      </object_component>
      <object_component id="oc-2ca">
         <name>.debug_info</name>
         <load_address>0xb892</load_address>
         <run_address>0xb892</run_address>
         <size>0x2e3</size>
         <input_file_ref idref="fl-c9"/>
      </object_component>
      <object_component id="oc-e5">
         <name>.debug_info</name>
         <load_address>0xbb75</load_address>
         <run_address>0xbb75</run_address>
         <size>0x2c</size>
         <input_file_ref idref="fl-c9"/>
      </object_component>
      <object_component id="oc-3f6">
         <name>.debug_info</name>
         <load_address>0xbba1</load_address>
         <run_address>0xbba1</run_address>
         <size>0x301</size>
         <input_file_ref idref="fl-ca"/>
      </object_component>
      <object_component id="oc-387">
         <name>.debug_info</name>
         <load_address>0xbea2</load_address>
         <run_address>0xbea2</run_address>
         <size>0x19d</size>
         <input_file_ref idref="fl-ca"/>
      </object_component>
      <object_component id="oc-431">
         <name>.debug_info</name>
         <load_address>0xc03f</load_address>
         <run_address>0xc03f</run_address>
         <size>0xbf</size>
         <input_file_ref idref="fl-ca"/>
      </object_component>
      <object_component id="oc-430">
         <name>.debug_info</name>
         <load_address>0xc0fe</load_address>
         <run_address>0xc0fe</run_address>
         <size>0x375</size>
         <input_file_ref idref="fl-cb"/>
      </object_component>
      <object_component id="oc-3f0">
         <name>.debug_info</name>
         <load_address>0xc473</load_address>
         <run_address>0xc473</run_address>
         <size>0x20c</size>
         <input_file_ref idref="fl-cb"/>
      </object_component>
      <object_component id="oc-3c7">
         <name>.debug_info</name>
         <load_address>0xc67f</load_address>
         <run_address>0xc67f</run_address>
         <size>0x29b</size>
         <input_file_ref idref="fl-ce"/>
      </object_component>
      <object_component id="oc-34f">
         <name>.debug_info</name>
         <load_address>0xc91a</load_address>
         <run_address>0xc91a</run_address>
         <size>0x196</size>
         <input_file_ref idref="fl-ce"/>
      </object_component>
      <object_component id="oc-40b">
         <name>.debug_info</name>
         <load_address>0xcab0</load_address>
         <run_address>0xcab0</run_address>
         <size>0x39</size>
         <input_file_ref idref="fl-ce"/>
      </object_component>
      <object_component id="oc-3c8">
         <name>.debug_info</name>
         <load_address>0xcae9</load_address>
         <run_address>0xcae9</run_address>
         <size>0x2c</size>
         <input_file_ref idref="fl-ce"/>
      </object_component>
      <object_component id="oc-3d4">
         <name>.debug_info</name>
         <load_address>0xcb15</load_address>
         <run_address>0xcb15</run_address>
         <size>0x2fe</size>
         <input_file_ref idref="fl-cf"/>
      </object_component>
      <object_component id="oc-355">
         <name>.debug_info</name>
         <load_address>0xce13</load_address>
         <run_address>0xce13</run_address>
         <size>0x226</size>
         <input_file_ref idref="fl-cf"/>
      </object_component>
      <object_component id="oc-30b">
         <name>.debug_info</name>
         <load_address>0xd039</load_address>
         <run_address>0xd039</run_address>
         <size>0x135</size>
         <input_file_ref idref="fl-d0"/>
      </object_component>
      <object_component id="oc-ac">
         <name>.debug_info</name>
         <load_address>0xd16e</load_address>
         <run_address>0xd16e</run_address>
         <size>0x148</size>
         <input_file_ref idref="fl-d1"/>
      </object_component>
[...]
      </symbol>
      <symbol id="sm-13b">
         <name>ADCSequenceConfigure</name>
         <value>0x2f6b</value>
         <object_component_ref idref="oc-1b3"/>
      </symbol>
      <symbol id="sm-13c">
         <name>ADCSequenceStepConfigure</name>
         <value>0x26e1</value>
         <object_component_ref idref="oc-1b9"/>
      </symbol>
      <symbol id="sm-13d">
         <name>ADCIntClear</name>
         <value>0x378b</value>
         <object_component_ref idref="oc-1c5"/>
      </symbol>
      <symbol id="sm-16b">
         <name>GPIOPinTypeADC</name>
         <value>0x36cd</value>
         <object_component_ref idref="oc-1ad"/>
      </symbol>
      <symbol id="sm-16c">
         <name>GPIOPinTypeGPIOOutput</name>
         <value>0x3681</value>
         <object_component_ref idref="oc-1a4"/>
      </symbol>
      <symbol id="sm-16d">
         <name>GPIODirModeSet</name>
         <value>0x34cb</value>
         <object_component_ref idref="oc-253"/>
      </symbol>
      <symbol id="sm-16e">
         <name>GPIOPadConfigSet</name>
         <value>0x1631</value>
         <object_component_ref idref="oc-24d"/>
      </symbol>
      <symbol id="sm-196">
         <name>IntEnable</name>
         <value>0x2989</value>
         <object_component_ref idref="oc-1de"/>
      </symbol>
      <symbol id="sm-197">
         <name>IntMasterEnable</name>
         <value>0x3745</value>
         <object_component_ref idref="oc-10c"/>
      </symbol>
      <symbol id="sm-212">
         <name>SysCtlDelay</name>
         <value>0x37b3</value>
         <object_component_ref idref="oc-1ab"/>
      </symbol>
      <symbol id="sm-213">
         <name>SysCtlPeripheralEnable</name>
         <value>0x339d</value>
         <object_component_ref idref="oc-198"/>
      </symbol>
      <symbol id="sm-214">
         <name>SysCtlPeripheralReady</name>
         <value>0x32bd</value>
         <object_component_ref idref="oc-19e"/>
      </symbol>
      <symbol id="sm-215">
         <name>SysCtlClockFreqSet</name>
         <value>0xec1</value>
         <object_component_ref idref="oc-ee"/>
      </symbol>
      <symbol id="sm-241">
         <name>TimerLoadSet</name>
         <value>0x3721</value>
         <object_component_ref idref="oc-1d2"/>
      </symbol>
      <symbol id="sm-242">
         <name>TimerEnable</name>
         <value>0x3763</value>
         <object_component_ref idref="oc-1e4"/>
      </symbol>
      <symbol id="sm-243">
         <name>TimerIntEnable</name>
         <value>0x3795</value>
         <object_component_ref idref="oc-1d8"/>
      </symbol>
      <symbol id="sm-244">
         <name>TimerConfigure</name>
         <value>0x2c4d</value>
         <object_component_ref idref="oc-1cc"/>
      </symbol>
      <symbol id="sm-24e">
         <name>CPUcpsie</name>
         <value>0x377f</value>
         <object_component_ref idref="oc-1eb"/>
      </symbol>
      <symbol id="sm-27a">
         <name>printf</name>
         <value>0x2a59</value>
         <object_component_ref idref="oc-112"/>
      </symbol>
      <symbol id="sm-3e4">
         <name>__TI_printfi</name>
         <value>0x201</value>
         <object_component_ref idref="oc-1f2"/>
      </symbol>
      <symbol id="sm-3f9">
         <name>putc</name>
         <value>0x2451</value>
         <object_component_ref idref="oc-2ce"/>
      </symbol>
      <symbol id="sm-3fa">
         <name>fputc</name>
         <value>0x2451</value>
         <object_component_ref idref="oc-2ce"/>
      </symbol>
      <symbol id="sm-41d">
         <name>fputs</name>
         <value>0x1c95</value>
         <object_component_ref idref="oc-2c7"/>
      </symbol>
      <symbol id="sm-435">
         <name>__TI_wrt_ok</name>
         <value>0x2b89</value>
         <object_component_ref idref="oc-385"/>
      </symbol>
      <symbol id="sm-451">
         <name>setvbuf</name>
         <value>0x2191</value>
         <object_component_ref idref="oc-3ef"/>
      </symbol>
      <symbol id="sm-473">
         <name>frexpl</name>
         <value>0x2ac1</value>
         <object_component_ref idref="oc-34e"/>
      </symbol>
      <symbol id="sm-474">
         <name>frexp</name>
         <value>0x2ac1</value>
         <object_component_ref idref="oc-34e"/>
      </symbol>
      <symbol id="sm-491">
         <name>scalbn</name>
         <value>0x1da9</value>
         <object_component_ref idref="oc-354"/>
      </symbol>
      <symbol id="sm-492">
         <name>scalbnl</name>
         <value>0x1da9</value>
         <object_component_ref idref="oc-354"/>
      </symbol>
      <symbol id="sm-493">
         <name>ldexpl</name>
         <value>0x1da9</value>
         <object_component_ref idref="oc-354"/>
      </symbol>
      <symbol id="sm-494">
         <name>ldexp</name>
         <value>0x1da9</value>
         <object_component_ref idref="oc-354"/>
      </symbol>
      <symbol id="sm-4a1">
         <name>__aeabi_uldivmod</name>
         <value>0x23bb</value>
         <object_component_ref idref="oc-308"/>
      </symbol>
      <symbol id="sm-4b0">
         <name>__aeabi_memset</name>
         <value>0x275d</value>
         <object_component_ref idref="oc-a9"/>
      </symbol>
      <symbol id="sm-4b1">
         <name>memset</name>
         <value>0x2763</value>
         <object_component_ref idref="oc-a9"/>
      </symbol>
      <symbol id="sm-4b2">
         <name>__aeabi_memset8</name>
         <value>0x275d</value>
         <object_component_ref idref="oc-a9"/>
      </symbol>
      <symbol id="sm-4b3">
         <name>__aeabi_memset4</name>
         <value>0x275d</value>
         <object_component_ref idref="oc-a9"/>
      </symbol>
      <symbol id="sm-4b4">
         <name>__aeabi_memclr8</name>
         <value>0x275b</value>
         <object_component_ref idref="oc-a9"/>
      </symbol>
      <symbol id="sm-4b5">
         <name>__aeabi_memclr4</name>
         <value>0x275b</value>
         <object_component_ref idref="oc-a9"/>
      </symbol>
      <symbol id="sm-4b6">
         <name>__aeabi_memclr</name>
         <value>0x275b</value>
         <object_component_ref idref="oc-a9"/>
      </symbol>
      <symbol id="sm-4cd">
         <name>__aeabi_dsub</name>
         <value>0x1479</value>
         <object_component_ref idref="oc-32e"/>
      </symbol>
      <symbol id="sm-4ce">
         <name>__aeabi_dadd</name>
         <value>0x1483</value>
         <object_component_ref idref="oc-32e"/>
      </symbol>
      <symbol id="sm-4f0">
         <name>__aeabi_cdcmpeq</name>
         <value>0x24dd</value>
         <object_component_ref idref="oc-27e"/>
      </symbol>
      <symbol id="sm-4f1">
         <name>__aeabi_cdcmple</name>
         <value>0x24dd</value>
         <object_component_ref idref="oc-27e"/>
      </symbol>
      <symbol id="sm-4f2">
         <name>__aeabi_cdrcmple</name>
         <value>0x2563</value>
         <object_component_ref idref="oc-319"/>
      </symbol>
      <symbol id="sm-506">
         <name>__aeabi_ddiv</name>
         <value>0x1a39</value>
         <object_component_ref idref="oc-314"/>
      </symbol>
      <symbol id="sm-511">
         <name>__aeabi_dmul</name>
         <value>0x1eb9</value>
         <object_component_ref idref="oc-30f"/>
      </symbol>
      <symbol id="sm-51b">
         <name>__aeabi_d2iz</name>
         <value>0x30e1</value>
         <object_component_ref idref="oc-31e"/>
      </symbol>
      <symbol id="sm-527">
         <name>__aeabi_f2d</name>
         <value>0x332d</value>
         <object_component_ref idref="oc-12d"/>
      </symbol>
      <symbol id="sm-531">
         <name>__aeabi_i2d</name>
         <value>0x349d</value>
         <object_component_ref idref="oc-329"/>
      </symbol>
      <symbol id="sm-54c">
         <name>memcpy</name>
         <value>0x231f</value>
         <object_component_ref idref="oc-4e"/>
      </symbol>
      <symbol id="sm-54d">
         <name>__aeabi_memcpy</name>
         <value>0x231f</value>
         <object_component_ref idref="oc-4e"/>
      </symbol>
      <symbol id="sm-54e">
         <name>__aeabi_memcpy8</name>
         <value>0x231f</value>
         <object_component_ref idref="oc-4e"/>
      </symbol>
      <symbol id="sm-54f">
         <name>__aeabi_memcpy4</name>
         <value>0x231f</value>
         <object_component_ref idref="oc-4e"/>
      </symbol>
      <symbol id="sm-563">
         <name>__TI_zero_init_nomemset</name>
         <value>0x362d</value>
         <object_component_ref idref="oc-5a"/>
      </symbol>
      <symbol id="sm-57a">
         <name>__TI_decompress_none</name>
         <value>0x3771</value>
         <object_component_ref idref="oc-19"/>
      </symbol>
      <symbol id="sm-59d">
         <name>__TI_decompress_lzss</name>
         <value>0x29f1</value>
         <object_component_ref idref="oc-13"/>
      </symbol>
      <symbol id="sm-5c3">
         <name>C$$EXIT</name>
         <value>0x37c5</value>
         <object_component_ref idref="oc-141"/>
      </symbol>
      <symbol id="sm-5c4">
         <name>abort</name>
         <value>0x37c5</value>
         <object_component_ref idref="oc-141"/>
      </symbol>
      <symbol id="sm-5c5">
         <name>__TI_dtors_ptr</name>
         <value>0x200045e8</value>
         <object_component_ref idref="oc-219"/>
      </symbol>
      <symbol id="sm-5c6">
         <name>__TI_cleanup_ptr</name>
         <value>0x200045e4</value>
         <object_component_ref idref="oc-219"/>
      </symbol>
      <symbol id="sm-5c7">
         <name>__TI_enable_exit_profile_output</name>
         <value>0x200045ec</value>
         <object_component_ref idref="oc-219"/>
      </symbol>
      <symbol id="sm-5c8">
         <name>exit</name>
         <value>0x3099</value>
         <object_component_ref idref="oc-147"/>
      </symbol>
      <symbol id="sm-5dd">
         <name>_nop</name>
         <value>0x28b7</value>
         <object_component_ref idref="oc-2b9"/>
      </symbol>
      <symbol id="sm-5de">
         <name>_lock</name>
         <value>0x200045f0</value>
         <object_component_ref idref="oc-1f8"/>
      </symbol>
      <symbol id="sm-5df">
         <name>_unlock</name>
         <value>0x200045f4</value>
         <object_component_ref idref="oc-1f8"/>
      </symbol>
      <symbol id="sm-5f5">
         <name>atoi</name>
         <value>0x3005</value>
         <object_component_ref idref="oc-272"/>
      </symbol>
      <symbol id="sm-600">
         <name>_ctypes_</name>
         <value>0x3978</value>
         <object_component_ref idref="oc-303"/>
      </symbol>
      <symbol id="sm-615">
         <name>__TI_tmpnams</name>
         <value>0x20004728</value>
      </symbol>
      <symbol id="sm-616">
         <name>__aeabi_stdout</name>
         <value>0x200045dc</value>
         <object_component_ref idref="oc-46c"/>
      </symbol>
      <symbol id="sm-617">
         <name>__aeabi_stderr</name>
         <value>0x200045e0</value>
         <object_component_ref idref="oc-46c"/>
      </symbol>
      <symbol id="sm-618">
         <name>__aeabi_stdin</name>
         <value>0x200045d8</value>
         <object_component_ref idref="oc-46c"/>
      </symbol>
      <symbol id="sm-619">
         <name>_ftable</name>
         <value>0x20004400</value>
         <object_component_ref idref="oc-1fb"/>
      </symbol>
      <symbol id="sm-61a">
         <name>__TI_ft_end</name>
         <value>0x200045d4</value>
         <object_component_ref idref="oc-46c"/>
      </symbol>
      <symbol id="sm-629">
         <name>ltoa</name>
         <value>0x2ec5</value>
         <object_component_ref idref="oc-323"/>
      </symbol>
      <symbol id="sm-639">
         <name>memccpy</name>
         <value>0x3665</value>
         <object_component_ref idref="oc-29b"/>
      </symbol>
      <symbol id="sm-649">
         <name>memchr</name>
         <value>0x360d</value>
         <object_component_ref idref="oc-38b"/>
      </symbol>
      <symbol id="sm-6d0">
         <name>_sys_memory</name>
         <value>0x20004000</value>
         <object_component_ref idref="oc-22"/>
      </symbol>
      <symbol id="sm-6d1">
         <name>free</name>
         <value>0x20a9</value>
         <object_component_ref idref="oc-41d"/>
      </symbol>
      <symbol id="sm-6d2">
         <name>memalign</name>
         <value>0x1fb5</value>
         <object_component_ref idref="oc-45f"/>
      </symbol>
      <symbol id="sm-6d3">
         <name>malloc</name>
         <value>0x37a5</value>
         <object_component_ref idref="oc-423"/>
      </symbol>
      <symbol id="sm-6d4">
         <name>aligned_alloc</name>
         <value>0x1fb5</value>
         <object_component_ref idref="oc-45f"/>
      </symbol>
      <symbol id="sm-6e4">
         <name>strchr</name>
         <value>0x36e3</value>
         <object_component_ref idref="oc-35a"/>
      </symbol>
      <symbol id="sm-6f2">
         <name>strlen</name>
         <value>0x370d</value>
         <object_component_ref idref="oc-26c"/>
      </symbol>
      <symbol id="sm-70c">
         <name>write</name>
         <value>0x3575</value>
         <object_component_ref idref="oc-397"/>
      </symbol>
      <symbol id="sm-71d">
         <name>_stream</name>
         <value>0x20004568</value>
         <object_component_ref idref="oc-3fb"/>
      </symbol>
      <symbol id="sm-71e">
         <name>_device</name>
         <value>0x200044f0</value>
         <object_component_ref idref="oc-43c"/>
      </symbol>
      <symbol id="sm-731">
         <name>__stack</name>
         <value>0x20000000</value>
         <object_component_ref idref="oc-25"/>
      </symbol>
      <symbol id="sm-732">
         <name>_c_int00_noargs</name>
         <value>0x3439</value>
         <object_component_ref idref="oc-6c"/>
      </symbol>
      <symbol id="sm-748">
         <name>__aeabi_errno_addr</name>
         <value>0x379d</value>
         <object_component_ref idref="oc-2a7"/>
      </symbol>
      <symbol id="sm-749">
         <name>errno</name>
         <value>0x20004604</value>
         <object_component_ref idref="oc-36a"/>
      </symbol>
      <symbol id="sm-762">
         <name>wcslen</name>
         <value>0x3733</value>
         <object_component_ref idref="oc-2a1"/>
      </symbol>
      <symbol id="sm-76c">
         <name>copysign</name>
         <value>0x369b</value>
         <object_component_ref idref="oc-3cd"/>
      </symbol>
      <symbol id="sm-76d">
         <name>copysignl</name>
         <value>0x369b</value>
         <object_component_ref idref="oc-3cd"/>
      </symbol>
      <symbol id="sm-77d">
         <name>__TI_doflush</name>
         <value>0x2fb9</value>
         <object_component_ref idref="oc-391"/>
      </symbol>
      <symbol id="sm-78d">
         <name>__TI_cleanup</name>
         <value>0x33d1</value>
         <object_component_ref idref="oc-429"/>
      </symbol>
      <symbol id="sm-79f">
         <name>fseek</name>
         <value>0x2b25</value>
         <object_component_ref idref="oc-3e9"/>
      </symbol>
      <symbol id="sm-7a9">
         <name>__aeabi_idiv0</name>
         <value>0x2beb</value>
         <object_component_ref idref="oc-3b4"/>
      </symbol>
      <symbol id="sm-7aa">
         <name>__aeabi_ldiv0</name>
         <value>0x2beb</value>
         <object_component_ref idref="oc-3b4"/>
      </symbol>
      <symbol id="sm-7d2">
         <name>__TI_auto_init_nobinit_nopinit</name>
         <value>0x31b1</value>
         <object_component_ref idref="oc-14d"/>
      </symbol>
      <symbol id="sm-7dc">
         <name>_system_pre_init</name>
         <value>0x37c1</value>
         <object_component_ref idref="oc-af"/>
      </symbol>
      <symbol id="sm-7ef">
         <name>HOSTclose</name>
         <value>0x3129</value>
         <object_component_ref idref="oc-478"/>
      </symbol>
      <symbol id="sm-800">
         <name>HOSTlseek</name>
         <value>0x28b9</value>
         <object_component_ref idref="oc-48a"/>
      </symbol>
      <symbol id="sm-812">
         <name>parmbuf</name>
         <value>0x200047c8</value>
      </symbol>
      <symbol id="sm-813">
         <name>HOSTopen</name>
         <value>0x2bed</value>
         <object_component_ref idref="oc-472"/>
      </symbol>
      <symbol id="sm-824">
         <name>HOSTread</name>
         <value>0x2d69</value>
         <object_component_ref idref="oc-47e"/>
      </symbol>
      <symbol id="sm-835">
         <name>HOSTrename</name>
         <value>0x2921</value>
         <object_component_ref idref="oc-496"/>
      </symbol>
      <symbol id="sm-846">
         <name>HOSTunlink</name>
         <value>0x316d</value>
         <object_component_ref idref="oc-490"/>
      </symbol>
      <symbol id="sm-857">
         <name>HOSTwrite</name>
         <value>0x2dc1</value>
         <object_component_ref idref="oc-484"/>
      </symbol>
      <symbol id="sm-87b">
         <name>__TI_readmsg</name>
         <value>0x3405</value>
         <object_component_ref idref="oc-4c5"/>
      </symbol>
      <symbol id="sm-87c">
         <name>C$$IO$$</name>
         <value>0x3323</value>
         <object_component_ref idref="oc-4bf"/>
      </symbol>
      <symbol id="sm-87d">
         <name>__CIOBUF_</name>
         <value>0x20004608</value>
         <object_component_ref idref="oc-4f0"/>
      </symbol>
      <symbol id="sm-87e">
         <name>__TI_writemsg</name>
         <value>0x32f5</value>
         <object_component_ref idref="oc-4bf"/>
      </symbol>
      <symbol id="sm-88f">
         <name>lseek</name>
         <value>0x354d</value>
         <object_component_ref idref="oc-415"/>
      </symbol>
      <symbol id="sm-8a4">
         <name>__TI_closefile</name>
         <value>0x27d5</value>
         <object_component_ref idref="oc-466"/>
      </symbol>
      <symbol id="sm-8c7">
         <name>finddevice</name>
         <value>0x346d</value>
         <object_component_ref idref="oc-50e"/>
      </symbol>
      <symbol id="sm-8c8">
         <name>getdevice</name>
         <value>0x31f5</value>
         <object_component_ref idref="oc-4e6"/>
      </symbol>
      <symbol id="sm-8d7">
         <name>strcmp</name>
         <value>0x36b5</value>
         <object_component_ref idref="oc-525"/>
      </symbol>
      <symbol id="sm-8e5">
         <name>strcpy</name>
         <value>0x36f9</value>
         <object_component_ref idref="oc-4d9"/>
      </symbol>
      <symbol id="sm-8f5">
         <name>strncpy</name>
         <value>0x3365</value>
         <object_component_ref idref="oc-508"/>
      </symbol>
      <symbol id="sm-90a">
         <name>close</name>
         <value>0x2d0d</value>
         <object_component_ref idref="oc-4ae"/>
      </symbol>
      <symbol id="sm-91a">
         <name>unlink</name>
         <value>0x34f9</value>
         <object_component_ref idref="oc-4b4"/>
      </symbol>
      <symbol id="sm-91b">
         <name>__TI_static_base__</name>
         <value>0x0</value>
      </symbol>
      <symbol id="sm-91e">
         <name>__mpu_init</name>
         <value>0x0</value>
      </symbol>
      <symbol id="sm-91f">
         <name>_system_post_cinit</name>
         <value>0x0</value>
      </symbol>
      <symbol id="sm-920">
         <name>remove</name>
         <value>0x34f9</value>
      </symbol>
   </symbol_table>
   <title>Link successful</title>
</link_info>
